<html>
<body>
<pre>
<h1>µVision Build Log</h1>
<h2>Tool Versions:</h2>
IDE-Version: ¦ÌVision V5.24.2.0
Copyright (C) 2017 ARM Ltd and ARM Germany GmbH. All rights reserved.
License Information: mikasa Lee, mikasa, LIC=MPPLD-82BU0-63EMB-2SZY6-4GU9V-BF715
 
Tool Versions:
Toolchain:       MDK-ARM Plus  Version: 5.24.1
Toolchain Path:  D:\Keil5_2\Keil5\ARM\ARMCC\Bin
C Compiler:      Armcc.exe V5.06 update 5 (build 528)
Assembler:       Armasm.exe V5.06 update 5 (build 528)
Linker/Locator:  ArmLink.exe V5.06 update 5 (build 528)
Library Manager: ArmAr.exe V5.06 update 5 (build 528)
Hex Converter:   FromElf.exe V5.06 update 5 (build 528)
CPU DLL:         SARMCM3.DLL V5.24.1
Dialog DLL:      DCM.DLL V1.16.0.0
Target DLL:      STLink\ST-LINKIII-KEIL_SWO.dll V3.0.1.0
Dialog DLL:      TCM.DLL V1.32.0.0
 
<h2>Project:</h2>
E:\My Embedded\My_test_Prj\a\MQTT_Selserver_GameRoom\MQTT_Selserver_GameRoom.uvprojx
Project File Date:  08/18/2024

<h2>Output:</h2>
*** Using Compiler 'V5.06 update 5 (build 528)', folder: 'D:\Keil5_2\Keil5\ARM\ARMCC\Bin'
Rebuild target 'STM32F103_Project'
compiling stm32f10x_cec.c...
compiling stm32f10x_crc.c...
compiling stm32f10x_dbgmcu.c...
compiling stm32f10x_bkp.c...
compiling misc.c...
compiling stm32f10x_dma.c...
compiling stm32f10x_dac.c...
compiling stm32f10x_flash.c...
compiling stm32f10x_exti.c...
compiling stm32f10x_adc.c...
compiling stm32f10x_can.c...
compiling stm32f10x_fsmc.c...
compiling stm32f10x_gpio.c...
compiling stm32f10x_i2c.c...
compiling stm32f10x_iwdg.c...
compiling stm32f10x_pwr.c...
compiling stm32f10x_rtc.c...
compiling stm32f10x_sdio.c...
compiling stm32f10x_rcc.c...
assembling startup_stm32f10x_md.s...
compiling stm32f10x_spi.c...
compiling core_cm3.c...
compiling stm32f10x_wwdg.c...
compiling stm32f10x_usart.c...
compiling cJSON.c...
compiling stm32f10x_tim.c...
compiling system_stm32f10x.c...
compiling MyGPIO.c...
compiling OLED.c...
compiling Delay.c...
compiling SysBitBand.c...
compiling usart.c...
compiling EspRst.c...
compiling esp8266.c...
compiling mqtt_esp8266.c...
compiling Rec_Json_parse.c...
compiling TIM_HeartBeat.c...
compiling HeartBeat.c...
compiling ConvertJsonTime.c...
compiling SPI_W25.c...
compiling Matrix_Key2.c...
compiling TIM_CheckConn.c...
compiling relay5V.c...
compiling DS1302.c...
compiling switchCtrlRelay.c...
compiling timer_doorLock.c...
compiling stm32f10x_it.c...
compiling JR6001.c...
compiling W25Q64.c...
compiling main.c...
linking...
Program Size: Code=21872 RO-data=456 RW-data=108 ZI-data=6276  
FromELF: creating hex file...
".\Objects\STM32F103_Project.axf" - 0 Error(s), 0 Warning(s).

<h2>Software Packages used:</h2>

Package Vendor: Keil
                http://www.keil.com/pack/Keil.STM32F1xx_DFP.2.2.0.pack
                Keil.STM32F1xx_DFP.2.2.0
                STMicroelectronics STM32F1 Series Device Support, Drivers and Examples

<h2>Collection of Component include folders:</h2>
  .\RTE\_STM32F103_Project
  D:\Keil5_2\Keil5\ARM\PACK\Keil\STM32F1xx_DFP\2.2.0\Device\Include

<h2>Collection of Component Files used:</h2>
Build Time Elapsed:  00:00:02
</pre>
</body>
</html>
