Component: ARM Compiler 5.06 update 5 (build 528) Tool: armlink [4d35e2]

==============================================================================

Section Cross References

    stm32f10x_adc.o(i.ADC_DeInit) refers to stm32f10x_rcc.o(i.RCC_APB2PeriphResetCmd) for RCC_APB2PeriphResetCmd
    stm32f10x_bkp.o(i.BKP_DeInit) refers to stm32f10x_rcc.o(i.RCC_BackupResetCmd) for RCC_BackupResetCmd
    stm32f10x_can.o(i.CAN_DeInit) refers to stm32f10x_rcc.o(i.RCC_APB1PeriphResetCmd) for RCC_APB1PeriphResetCmd
    stm32f10x_can.o(i.CAN_GetITStatus) refers to stm32f10x_can.o(i.CheckITStatus) for CheckITStatus
    stm32f10x_cec.o(i.CEC_DeInit) refers to stm32f10x_rcc.o(i.RCC_APB1PeriphResetCmd) for RCC_APB1PeriphResetCmd
    stm32f10x_dac.o(i.DAC_DeInit) refers to stm32f10x_rcc.o(i.RCC_APB1PeriphResetCmd) for RCC_APB1PeriphResetCmd
    stm32f10x_flash.o(i.FLASH_EnableWriteProtection) refers to stm32f10x_flash.o(i.FLASH_WaitForLastOperation) for FLASH_WaitForLastOperation
    stm32f10x_flash.o(i.FLASH_EraseAllBank1Pages) refers to stm32f10x_flash.o(i.FLASH_WaitForLastBank1Operation) for FLASH_WaitForLastBank1Operation
    stm32f10x_flash.o(i.FLASH_EraseAllPages) refers to stm32f10x_flash.o(i.FLASH_WaitForLastOperation) for FLASH_WaitForLastOperation
    stm32f10x_flash.o(i.FLASH_EraseOptionBytes) refers to stm32f10x_flash.o(i.FLASH_GetReadOutProtectionStatus) for FLASH_GetReadOutProtectionStatus
    stm32f10x_flash.o(i.FLASH_EraseOptionBytes) refers to stm32f10x_flash.o(i.FLASH_WaitForLastOperation) for FLASH_WaitForLastOperation
    stm32f10x_flash.o(i.FLASH_ErasePage) refers to stm32f10x_flash.o(i.FLASH_WaitForLastOperation) for FLASH_WaitForLastOperation
    stm32f10x_flash.o(i.FLASH_ProgramHalfWord) refers to stm32f10x_flash.o(i.FLASH_WaitForLastOperation) for FLASH_WaitForLastOperation
    stm32f10x_flash.o(i.FLASH_ProgramOptionByteData) refers to stm32f10x_flash.o(i.FLASH_WaitForLastOperation) for FLASH_WaitForLastOperation
    stm32f10x_flash.o(i.FLASH_ProgramWord) refers to stm32f10x_flash.o(i.FLASH_WaitForLastOperation) for FLASH_WaitForLastOperation
    stm32f10x_flash.o(i.FLASH_ReadOutProtection) refers to stm32f10x_flash.o(i.FLASH_WaitForLastOperation) for FLASH_WaitForLastOperation
    stm32f10x_flash.o(i.FLASH_UserOptionByteConfig) refers to stm32f10x_flash.o(i.FLASH_WaitForLastOperation) for FLASH_WaitForLastOperation
    stm32f10x_flash.o(i.FLASH_WaitForLastBank1Operation) refers to stm32f10x_flash.o(i.FLASH_GetBank1Status) for FLASH_GetBank1Status
    stm32f10x_flash.o(i.FLASH_WaitForLastOperation) refers to stm32f10x_flash.o(i.FLASH_GetBank1Status) for FLASH_GetBank1Status
    stm32f10x_gpio.o(i.GPIO_AFIODeInit) refers to stm32f10x_rcc.o(i.RCC_APB2PeriphResetCmd) for RCC_APB2PeriphResetCmd
    stm32f10x_gpio.o(i.GPIO_DeInit) refers to stm32f10x_rcc.o(i.RCC_APB2PeriphResetCmd) for RCC_APB2PeriphResetCmd
    stm32f10x_i2c.o(i.I2C_DeInit) refers to stm32f10x_rcc.o(i.RCC_APB1PeriphResetCmd) for RCC_APB1PeriphResetCmd
    stm32f10x_i2c.o(i.I2C_Init) refers to stm32f10x_rcc.o(i.RCC_GetClocksFreq) for RCC_GetClocksFreq
    stm32f10x_pwr.o(i.PWR_DeInit) refers to stm32f10x_rcc.o(i.RCC_APB1PeriphResetCmd) for RCC_APB1PeriphResetCmd
    stm32f10x_rcc.o(i.RCC_GetClocksFreq) refers to stm32f10x_rcc.o(.data) for APBAHBPrescTable
    stm32f10x_rcc.o(i.RCC_WaitForHSEStartUp) refers to stm32f10x_rcc.o(i.RCC_GetFlagStatus) for RCC_GetFlagStatus
    stm32f10x_rtc.o(i.RTC_SetAlarm) refers to stm32f10x_rtc.o(i.RTC_EnterConfigMode) for RTC_EnterConfigMode
    stm32f10x_rtc.o(i.RTC_SetAlarm) refers to stm32f10x_rtc.o(i.RTC_ExitConfigMode) for RTC_ExitConfigMode
    stm32f10x_rtc.o(i.RTC_SetCounter) refers to stm32f10x_rtc.o(i.RTC_EnterConfigMode) for RTC_EnterConfigMode
    stm32f10x_rtc.o(i.RTC_SetCounter) refers to stm32f10x_rtc.o(i.RTC_ExitConfigMode) for RTC_ExitConfigMode
    stm32f10x_rtc.o(i.RTC_SetPrescaler) refers to stm32f10x_rtc.o(i.RTC_EnterConfigMode) for RTC_EnterConfigMode
    stm32f10x_rtc.o(i.RTC_SetPrescaler) refers to stm32f10x_rtc.o(i.RTC_ExitConfigMode) for RTC_ExitConfigMode
    stm32f10x_spi.o(i.I2S_Init) refers to stm32f10x_rcc.o(i.RCC_GetClocksFreq) for RCC_GetClocksFreq
    stm32f10x_spi.o(i.SPI_I2S_DeInit) refers to stm32f10x_rcc.o(i.RCC_APB2PeriphResetCmd) for RCC_APB2PeriphResetCmd
    stm32f10x_spi.o(i.SPI_I2S_DeInit) refers to stm32f10x_rcc.o(i.RCC_APB1PeriphResetCmd) for RCC_APB1PeriphResetCmd
    stm32f10x_tim.o(i.TIM_DeInit) refers to stm32f10x_rcc.o(i.RCC_APB2PeriphResetCmd) for RCC_APB2PeriphResetCmd
    stm32f10x_tim.o(i.TIM_DeInit) refers to stm32f10x_rcc.o(i.RCC_APB1PeriphResetCmd) for RCC_APB1PeriphResetCmd
    stm32f10x_tim.o(i.TIM_ETRClockMode1Config) refers to stm32f10x_tim.o(i.TIM_ETRConfig) for TIM_ETRConfig
    stm32f10x_tim.o(i.TIM_ETRClockMode2Config) refers to stm32f10x_tim.o(i.TIM_ETRConfig) for TIM_ETRConfig
    stm32f10x_tim.o(i.TIM_ICInit) refers to stm32f10x_tim.o(i.TI1_Config) for TI1_Config
[...]
    ../clib/microlib/printf/printf.c         0x00000000   Number         0  printf7.o ABSOLUTE
    ../clib/microlib/printf/printf.c         0x00000000   Number         0  printf8.o ABSOLUTE
    ../clib/microlib/printf/stubs.s          0x00000000   Number         0  stubs.o ABSOLUTE
    ../clib/microlib/string/memcpy.c         0x00000000   Number         0  memcpya.o ABSOLUTE
    ../clib/microlib/string/memcpy.c         0x00000000   Number         0  memcpyb.o ABSOLUTE
    ../clib/microlib/string/memset.c         0x00000000   Number         0  memseta.o ABSOLUTE
    ../clib/microlib/string/strcat.c         0x00000000   Number         0  strcat.o ABSOLUTE
    ../clib/microlib/string/strchr.c         0x00000000   Number         0  strchr.o ABSOLUTE
    ../clib/microlib/string/strcmp.c         0x00000000   Number         0  strcmp.o ABSOLUTE
    ../clib/microlib/string/strcpy.c         0x00000000   Number         0  strcpy.o ABSOLUTE
    ../clib/microlib/string/strlen.c         0x00000000   Number         0  strlen.o ABSOLUTE
    ../clib/microlib/string/strncmp.c        0x00000000   Number         0  strncmp.o ABSOLUTE
    ../clib/microlib/string/strstr.c         0x00000000   Number         0  strstr.o ABSOLUTE
    ../clib/microlib/stubs.s                 0x00000000   Number         0  useno.o ABSOLUTE
    ../clib/microlib/stubs.s                 0x00000000   Number         0  iusefp.o ABSOLUTE
    ../clib/microlib/time/localtime.c        0x00000000   Number         0  localtime.o ABSOLUTE
    ../clib/scanf.c                          0x00000000   Number         0  _sgetc.o ABSOLUTE
    ../clib/scanf.c                          0x00000000   Number         0  scanf_fp.o ABSOLUTE
    ../clib/scanf.c                          0x00000000   Number         0  __0sscanf.o ABSOLUTE
    ../clib/scanf.c                          0x00000000   Number         0  strtod.o ABSOLUTE
    ../clib/scanf.c                          0x00000000   Number         0  scanf_char.o ABSOLUTE
    ../clib/scanf.c                          0x00000000   Number         0  _scanf.o ABSOLUTE
    ../fplib/microlib/d2f.c                  0x00000000   Number         0  d2f.o ABSOLUTE
    ../fplib/microlib/f2d.c                  0x00000000   Number         0  f2d.o ABSOLUTE
    ../fplib/microlib/fpadd.c                0x00000000   Number         0  dadd.o ABSOLUTE
    ../fplib/microlib/fpdiv.c                0x00000000   Number         0  ddiv.o ABSOLUTE
    ../fplib/microlib/fpepilogue.c           0x00000000   Number         0  depilogue.o ABSOLUTE
    ../fplib/microlib/fpepilogue.c           0x00000000   Number         0  fepilogue.o ABSOLUTE
    ../fplib/microlib/fpfix.c                0x00000000   Number         0  dfixi.o ABSOLUTE
    ../fplib/microlib/fpfix.c                0x00000000   Number         0  dfixl.o ABSOLUTE
    ../fplib/microlib/fpfix.c                0x00000000   Number         0  dfixul.o ABSOLUTE
    ../fplib/microlib/fpflt.c                0x00000000   Number         0  dfltul.o ABSOLUTE
    ../fplib/microlib/fpflt.c                0x00000000   Number         0  dflti.o ABSOLUTE
    ../fplib/microlib/fpmul.c                0x00000000   Number         0  dmul.o ABSOLUTE
    ../mathlib/strtod.c                      0x00000000   Number         0  strtod.o ABSOLUTE
    Hardware\DS1302.c                        0x00000000   Number         0  ds1302.o ABSOLUTE
    Hardware\EspRst.c                        0x00000000   Number         0  esprst.o ABSOLUTE
    Hardware\Matrix_Key2.c                   0x00000000   Number         0  matrix_key2.o ABSOLUTE
    Hardware\Switch Ctrl Relay\switchCtrlRelay.c 0x00000000   Number         0  switchctrlrelay.o ABSOLUTE
    Hardware\Switch Ctrl Relay\timer_doorLock.c 0x00000000   Number         0  timer_doorlock.o ABSOLUTE
    Hardware\relay5V.c                       0x00000000   Number         0  relay5v.o ABSOLUTE
    Library\cJSON.c                          0x00000000   Number         0  cjson.o ABSOLUTE
    Library\misc.c                           0x00000000   Number         0  misc.o ABSOLUTE
    Library\stm32f10x_adc.c                  0x00000000   Number         0  stm32f10x_adc.o ABSOLUTE
    Library\stm32f10x_bkp.c                  0x00000000   Number         0  stm32f10x_bkp.o ABSOLUTE
    Library\stm32f10x_can.c                  0x00000000   Number         0  stm32f10x_can.o ABSOLUTE
    Library\stm32f10x_cec.c                  0x00000000   Number         0  stm32f10x_cec.o ABSOLUTE
    Library\stm32f10x_crc.c                  0x00000000   Number         0  stm32f10x_crc.o ABSOLUTE
    Library\stm32f10x_dac.c                  0x00000000   Number         0  stm32f10x_dac.o ABSOLUTE
    Library\stm32f10x_dbgmcu.c               0x00000000   Number         0  stm32f10x_dbgmcu.o ABSOLUTE
    Library\stm32f10x_dma.c                  0x00000000   Number         0  stm32f10x_dma.o ABSOLUTE
    Library\stm32f10x_exti.c                 0x00000000   Number         0  stm32f10x_exti.o ABSOLUTE
    Library\stm32f10x_flash.c                0x00000000   Number         0  stm32f10x_flash.o ABSOLUTE
    Library\stm32f10x_fsmc.c                 0x00000000   Number         0  stm32f10x_fsmc.o ABSOLUTE
    Library\stm32f10x_gpio.c                 0x00000000   Number         0  stm32f10x_gpio.o ABSOLUTE
    Library\stm32f10x_i2c.c                  0x00000000   Number         0  stm32f10x_i2c.o ABSOLUTE
    Library\stm32f10x_iwdg.c                 0x00000000   Number         0  stm32f10x_iwdg.o ABSOLUTE
    Library\stm32f10x_pwr.c                  0x00000000   Number         0  stm32f10x_pwr.o ABSOLUTE
    Library\stm32f10x_rcc.c                  0x00000000   Number         0  stm32f10x_rcc.o ABSOLUTE
    Library\stm32f10x_rtc.c                  0x00000000   Number         0  stm32f10x_rtc.o ABSOLUTE
    Library\stm32f10x_sdio.c                 0x00000000   Number         0  stm32f10x_sdio.o ABSOLUTE
    Library\stm32f10x_spi.c                  0x00000000   Number         0  stm32f10x_spi.o ABSOLUTE
    Library\stm32f10x_tim.c                  0x00000000   Number         0  stm32f10x_tim.o ABSOLUTE
    Library\stm32f10x_usart.c                0x00000000   Number         0  stm32f10x_usart.o ABSOLUTE
    Library\stm32f10x_wwdg.c                 0x00000000   Number         0  stm32f10x_wwdg.o ABSOLUTE
    Start\\core_cm3.c                        0x00000000   Number         0  core_cm3.o ABSOLUTE
    Start\core_cm3.c                         0x00000000   Number         0  core_cm3.o ABSOLUTE
    Start\startup_stm32f10x_md.s             0x00000000   Number         0  startup_stm32f10x_md.o ABSOLUTE
    Start\system_stm32f10x.c                 0x00000000   Number         0  system_stm32f10x.o ABSOLUTE
    System\ConvertJsonTime.c                 0x00000000   Number         0  convertjsontime.o ABSOLUTE
    System\Delay.c                           0x00000000   Number         0  delay.o ABSOLUTE
    System\HeartBeat.c                       0x00000000   Number         0  heartbeat.o ABSOLUTE
    System\MyGPIO.c                          0x00000000   Number         0  mygpio.o ABSOLUTE
    System\OLED.c                            0x00000000   Number         0  oled.o ABSOLUTE
    System\Rec_Json_parse.c                  0x00000000   Number         0  rec_json_parse.o ABSOLUTE
    System\SysBitBand.c                      0x00000000   Number         0  sysbitband.o ABSOLUTE
    System\TIM_HeartBeat.c                   0x00000000   Number         0  tim_heartbeat.o ABSOLUTE
    System\esp8266.c                         0x00000000   Number         0  esp8266.o ABSOLUTE
    System\mqtt_esp8266.c                    0x00000000   Number         0  mqtt_esp8266.o ABSOLUTE
    System\usart.c                           0x00000000   Number         0  usart.o ABSOLUTE
    User\main.c                              0x00000000   Number         0  main.o ABSOLUTE
    User\stm32f10x_it.c                      0x00000000   Number         0  stm32f10x_it.o ABSOLUTE
    cdcmple.s                                0x00000000   Number         0  cdcmple.o ABSOLUTE
    cdrcmple.s                               0x00000000   Number         0  cdrcmple.o ABSOLUTE
    dc.s                                     0x00000000   Number         0  dc.o ABSOLUTE
    handlers.s                               0x00000000   Number         0  handlers.o ABSOLUTE
    init.s                                   0x00000000   Number         0  init.o ABSOLUTE
    RESET                                    0x08000000   Section      236  startup_stm32f10x_md.o(RESET)
    .ARM.Collect$$$$00000000                 0x080000ec   Section        0  entry.o(.ARM.Collect$$$$00000000)
    .ARM.Collect$$$$00000001                 0x080000ec   Section        4  entry2.o(.ARM.Collect$$$$00000001)
    .ARM.Collect$$$$00000004                 0x080000f0   Section        4  entry5.o(.ARM.Collect$$$$00000004)
    .ARM.Collect$$$$00000008                 0x080000f4   Section        0  entry7b.o(.ARM.Collect$$$$00000008)
    .ARM.Collect$$$$0000000A                 0x080000f4   Section        0  entry8b.o(.ARM.Collect$$$$0000000A)
    .ARM.Collect$$$$0000000B                 0x080000f4   Section        8  entry9a.o(.ARM.Collect$$$$0000000B)
    .ARM.Collect$$$$0000000D                 0x080000fc   Section        0  entry10a.o(.ARM.Collect$$$$0000000D)
    .ARM.Collect$$$$0000000F                 0x080000fc   Section        0  entry11a.o(.ARM.Collect$$$$0000000F)
    .ARM.Collect$$$$00002712                 0x080000fc   Section        4  entry2.o(.ARM.Collect$$$$00002712)
    __lit__00000000                          0x080000fc   Data           4  entry2.o(.ARM.Collect$$$$00002712)
    .text                                    0x08000100   Section       36  startup_stm32f10x_md.o(.text)
    .text                                    0x08000124   Section        0  ldiv.o(.text)
    .text                                    0x08000186   Section        0  tolower.o(.text)
    .text                                    0x08000194   Section        0  localtime.o(.text)
    .text                                    0x08000228   Section        0  memcpya.o(.text)
    .text                                    0x0800024c   Section        0  memseta.o(.text)
    .text                                    0x08000270   Section        0  strstr.o(.text)
    .text                                    0x08000294   Section        0  strchr.o(.text)
    .text                                    0x080002a8   Section        0  strlen.o(.text)
    .text                                    0x080002b6   Section        0  strcmp.o(.text)
    .text                                    0x080002d2   Section        0  strcpy.o(.text)
    .text                                    0x080002e4   Section        0  strncmp.o(.text)
    .text                                    0x08000304   Section        0  scanf_fp.o(.text)
    _fp_value                                0x08000305   Thumb Code   296  scanf_fp.o(.text)
    .text                                    0x08000664   Section        0  dadd.o(.text)
    .text                                    0x080007b2   Section        0  dmul.o(.text)
    .text                                    0x08000896   Section        0  dfixi.o(.text)
    .text                                    0x080008d4   Section        0  dfixl.o(.text)
    .text                                    0x08000920   Section       48  cdcmple.o(.text)
    .text                                    0x08000950   Section       48  cdrcmple.o(.text)
    .text                                    0x08000980   Section        0  uidiv.o(.text)
    .text                                    0x080009ac   Section        0  uldiv.o(.text)
    .text                                    0x08000a0e   Section        0  llshl.o(.text)
    .text                                    0x08000a2c   Section        0  llushr.o(.text)
    .text                                    0x08000a4c   Section        0  llsshr.o(.text)
    .text                                    0x08000a70   Section        0  _sgetc.o(.text)
    .text                                    0x08000ab0   Section        0  strtod.o(.text)
    _local_sscanf                            0x08000ab1   Thumb Code    54  strtod.o(.text)
    .text                                    0x08000b4c   Section        0  depilogue.o(.text)
    .text                                    0x08000b4c   Section        0  iusefp.o(.text)
    .text                                    0x08000c06   Section        0  ddiv.o(.text)
    .text                                    0x08000ce4   Section        0  dfltul.o(.text)
    .text                                    0x08000cfc   Section        0  dfixul.o(.text)
    .text                                    0x08000d2c   Section        0  d2f.o(.text)
    .text                                    0x08000d64   Section       36  init.o(.text)
    .text                                    0x08000d88   Section        0  isspace_c.o(.text)
    .text                                    0x08000d92   Section        0  fepilogue.o(.text)
    .text                                    0x08000e00   Section        0  ctype_c.o(.text)
    i.BusFault_Handler                       0x08000e28   Section        0  stm32f10x_it.o(i.BusFault_Handler)
    i.CompareTime                            0x08000e2c   Section        0  convertjsontime.o(i.CompareTime)
    i.ConvMillisToDateTime_C                 0x08000f94   Section        0  convertjsontime.o(i.ConvMillisToDateTime_C)
    i.ConvMillisToDateTime_E                 0x08000fec   Section        0  convertjsontime.o(i.ConvMillisToDateTime_E)
    i.DS1302_GPIOInit                        0x08001064   Section        0  ds1302.o(i.DS1302_GPIOInit)
    i.DS1302_IO_GPIO                         0x08001090   Section        0  ds1302.o(i.DS1302_IO_GPIO)
    i.DS1302_Read                            0x080010d8   Section        0  ds1302.o(i.DS1302_Read)
    i.DS1302_Readtime                        0x0800119c   Section        0  ds1302.o(i.DS1302_Readtime)
    i.DS1302_SetTime                         0x080011e0   Section        0  ds1302.o(i.DS1302_SetTime)
    i.DS1302_Write                           0x080012b8   Section        0  ds1302.o(i.DS1302_Write)
    i.DS1302_delay                           0x08001348   Section        0  ds1302.o(i.DS1302_delay)
    i.DS1302_init                            0x08001360   Section        0  ds1302.o(i.DS1302_init)
    i.DebugMon_Handler                       0x08001398   Section        0  stm32f10x_it.o(i.DebugMon_Handler)
    i.Delay_ms                               0x0800139a   Section        0  delay.o(i.Delay_ms)
    i.Delay_us                               0x080013b2   Section        0  delay.o(i.Delay_us)
    i.ESP8266_GPIO_PinInit                   0x080013e0   Section        0  esp8266.o(i.ESP8266_GPIO_PinInit)
    i.ESP8266_Init                           0x0800141c   Section        0  esp8266.o(i.ESP8266_Init)
    i.EXTI15_10_IRQHandler                   0x080016ec   Section        0  switchctrlrelay.o(i.EXTI15_10_IRQHandler)
    i.EXTI_ClearITPendingBit                 0x08001760   Section        0  stm32f10x_exti.o(i.EXTI_ClearITPendingBit)
    i.EXTI_GetITStatus                       0x0800176c   Section        0  stm32f10x_exti.o(i.EXTI_GetITStatus)
    i.EXTI_Init                              0x08001794   Section        0  stm32f10x_exti.o(i.EXTI_Init)
    i.GPIO_EXTILineConfig                    0x08001828   Section        0  stm32f10x_gpio.o(i.GPIO_EXTILineConfig)
    i.GPIO_Init                              0x08001868   Section        0  stm32f10x_gpio.o(i.GPIO_Init)
    i.GPIO_PinRemapConfig                    0x08001980   Section        0  stm32f10x_gpio.o(i.GPIO_PinRemapConfig)
    i.GPIO_Pin_Init                          0x08001a10   Section        0  mygpio.o(i.GPIO_Pin_Init)
    i.GPIO_ReadInputDataBit                  0x08001a54   Section        0  stm32f10x_gpio.o(i.GPIO_ReadInputDataBit)
    i.HardFault_Handler                      0x08001a66   Section        0  stm32f10x_it.o(i.HardFault_Handler)
    i.IWDG_Enable                            0x08001a6c   Section        0  stm32f10x_iwdg.o(i.IWDG_Enable)
    i.IWDG_Init                              0x08001a7c   Section        0  main.o(i.IWDG_Init)
    i.IWDG_ReloadCounter                     0x08001aa0   Section        0  stm32f10x_iwdg.o(i.IWDG_ReloadCounter)
    i.IWDG_SetPrescaler                      0x08001ab0   Section        0  stm32f10x_iwdg.o(i.IWDG_SetPrescaler)
    i.IWDG_SetReload                         0x08001abc   Section        0  stm32f10x_iwdg.o(i.IWDG_SetReload)
    i.IWDG_WriteAccessCmd                    0x08001ac8   Section        0  stm32f10x_iwdg.o(i.IWDG_WriteAccessCmd)
    i.Json_parse_WithPayload2                0x08001ad4   Section        0  rec_json_parse.o(i.Json_parse_WithPayload2)
    i.Json_parse_WithPayload_input           0x08001f50   Section        0  rec_json_parse.o(i.Json_parse_WithPayload_input)
    Json_parse_WithPayload_input             0x08001f51   Thumb Code   562  rec_json_parse.o(i.Json_parse_WithPayload_input)
    i.MQTT_Init                              0x08002338   Section        0  mqtt_esp8266.o(i.MQTT_Init)
    i.MemManage_Handler                      0x080025b4   Section        0  stm32f10x_it.o(i.MemManage_Handler)
    i.NMI_Handler                            0x080025b8   Section        0  stm32f10x_it.o(i.NMI_Handler)
    i.NVIC_Init                              0x080025bc   Section        0  misc.o(i.NVIC_Init)
    i.NVIC_PriorityGroupConfig               0x0800262c   Section        0  misc.o(i.NVIC_PriorityGroupConfig)
    i.NVIC_SystemReset                       0x08002640   Section        0  mqtt_esp8266.o(i.NVIC_SystemReset)
    NVIC_SystemReset                         0x08002641   Thumb Code    26  mqtt_esp8266.o(i.NVIC_SystemReset)
    i.NVIC_SystemReset                       0x08002664   Section        0  rec_json_parse.o(i.NVIC_SystemReset)
    NVIC_SystemReset                         0x08002665   Thumb Code    26  rec_json_parse.o(i.NVIC_SystemReset)
    i.PendSV_Handler                         0x08002688   Section        0  stm32f10x_it.o(i.PendSV_Handler)
    i.RCC_APB1PeriphClockCmd                 0x0800268c   Section        0  stm32f10x_rcc.o(i.RCC_APB1PeriphClockCmd)
    i.RCC_APB1PeriphResetCmd                 0x080026ac   Section        0  stm32f10x_rcc.o(i.RCC_APB1PeriphResetCmd)
    i.RCC_APB2PeriphClockCmd                 0x080026cc   Section        0  stm32f10x_rcc.o(i.RCC_APB2PeriphClockCmd)
    i.RCC_APB2PeriphResetCmd                 0x080026ec   Section        0  stm32f10x_rcc.o(i.RCC_APB2PeriphResetCmd)
    i.RCC_GetClocksFreq                      0x0800270c   Section        0  stm32f10x_rcc.o(i.RCC_GetClocksFreq)
    i.SVC_Handler                            0x080027e0   Section        0  stm32f10x_it.o(i.SVC_Handler)
    i.SetSysClock                            0x080027e2   Section        0  system_stm32f10x.o(i.SetSysClock)
    SetSysClock                              0x080027e3   Thumb Code     8  system_stm32f10x.o(i.SetSysClock)
    i.SetSysClockTo72                        0x080027ec   Section        0  system_stm32f10x.o(i.SetSysClockTo72)
    SetSysClockTo72                          0x080027ed   Thumb Code   214  system_stm32f10x.o(i.SetSysClockTo72)
    i.SysTick_Handler                        0x080028cc   Section        0  stm32f10x_it.o(i.SysTick_Handler)
    i.SystemInit                             0x080028d0   Section        0  system_stm32f10x.o(i.SystemInit)
    i.TIM2_IRQHandler                        0x08002930   Section        0  tim_heartbeat.o(i.TIM2_IRQHandler)
    i.TIM4_IRQHandler                        0x08002950   Section        0  timer_doorlock.o(i.TIM4_IRQHandler)
    i.TIM_ClearFlag                          0x080029d4   Section        0  stm32f10x_tim.o(i.TIM_ClearFlag)
    i.TIM_ClearITPendingBit                  0x080029da   Section        0  stm32f10x_tim.o(i.TIM_ClearITPendingBit)
    i.TIM_Cmd                                0x080029e0   Section        0  stm32f10x_tim.o(i.TIM_Cmd)
    i.TIM_GetITStatus                        0x080029f8   Section        0  stm32f10x_tim.o(i.TIM_GetITStatus)
    i.TIM_HeartBeat_Init                     0x08002a1a   Section        0  tim_heartbeat.o(i.TIM_HeartBeat_Init)
    i.TIM_ITConfig                           0x08002a90   Section        0  stm32f10x_tim.o(i.TIM_ITConfig)
    i.TIM_TimeBaseInit                       0x08002aa4   Section        0  stm32f10x_tim.o(i.TIM_TimeBaseInit)
    i.USART1_IRQHandler                      0x08002b48   Section        0  usart.o(i.USART1_IRQHandler)
    i.USART2_IRQHandler                      0x08002bd0   Section        0  main.o(i.USART2_IRQHandler)
    i.USART2_IRQHandler_Init                 0x08002be4   Section        0  esp8266.o(i.USART2_IRQHandler_Init)
    i.USART2_IRQHandler_Runtime3_WithPayload 0x08002c34   Section        0  esp8266.o(i.USART2_IRQHandler_Runtime3_WithPayload)
    i.USART2_SendString                      0x08002cb4   Section        0  usart.o(i.USART2_SendString)
    i.USART3_IRQHandler                      0x08002ce0   Section        0  usart.o(i.USART3_IRQHandler)
    i.USART_ClearITPendingBit                0x08002d6c   Section        0  stm32f10x_usart.o(i.USART_ClearITPendingBit)
    i.USART_Cmd                              0x08002d8a   Section        0  stm32f10x_usart.o(i.USART_Cmd)
    i.USART_DeInit                           0x08002da4   Section        0  stm32f10x_usart.o(i.USART_DeInit)
    i.USART_GetFlagStatus                    0x08002e40   Section        0  stm32f10x_usart.o(i.USART_GetFlagStatus)
    i.USART_GetITStatus                      0x08002e5a   Section        0  stm32f10x_usart.o(i.USART_GetITStatus)
    i.USART_ITConfig                         0x08002eae   Section        0  stm32f10x_usart.o(i.USART_ITConfig)
    i.USART_Init                             0x08002ef8   Section        0  stm32f10x_usart.o(i.USART_Init)
    i.USART_ReceiveData                      0x08002fd0   Section        0  stm32f10x_usart.o(i.USART_ReceiveData)
    i.USART_SendData                         0x08002fda   Section        0  stm32f10x_usart.o(i.USART_SendData)
    i.UsageFault_Handler                     0x08002fe2   Section        0  stm32f10x_it.o(i.UsageFault_Handler)
    i.Usart1_Init                            0x08002fe8   Section        0  usart.o(i.Usart1_Init)
    i.Usart2_Init                            0x08003094   Section        0  usart.o(i.Usart2_Init)
    i.__0printf                              0x08003148   Section        0  printfa.o(i.__0printf)
    i.__0sprintf                             0x08003168   Section        0  printfa.o(i.__0sprintf)
    i.__free$realloc                         0x08003190   Section        0  mallocr.o(i.__free$realloc)
    i.__malloc$realloc                       0x080031ec   Section        0  mallocr.o(i.__malloc$realloc)
    i.__scatterload_copy                     0x0800323c   Section       14  handlers.o(i.__scatterload_copy)
    i.__scatterload_null                     0x0800324a   Section        2  handlers.o(i.__scatterload_null)
    i.__scatterload_zeroinit                 0x0800324c   Section       14  handlers.o(i.__scatterload_zeroinit)
    i._fp_digits                             0x0800325c   Section        0  printfa.o(i._fp_digits)
    _fp_digits                               0x0800325d   Thumb Code   366  printfa.o(i._fp_digits)
    i._is_digit                              0x080033e0   Section        0  scanf_fp.o(i._is_digit)
    i._printf_core                           0x080033f0   Section        0  printfa.o(i._printf_core)
    _printf_core                             0x080033f1   Thumb Code  1744  printfa.o(i._printf_core)
    i._printf_post_padding                   0x08003acc   Section        0  printfa.o(i._printf_post_padding)
    _printf_post_padding                     0x08003acd   Thumb Code    36  printfa.o(i._printf_post_padding)
    i._printf_pre_padding                    0x08003af0   Section        0  printfa.o(i._printf_pre_padding)
    _printf_pre_padding                      0x08003af1   Thumb Code    46  printfa.o(i._printf_pre_padding)
    i._sputc                                 0x08003b1e   Section        0  printfa.o(i._sputc)
    _sputc                                   0x08003b1f   Thumb Code    10  printfa.o(i._sputc)
    i.add_backslashes_and_quotes             0x08003b28   Section        0  mqtt_esp8266.o(i.add_backslashes_and_quotes)
    i.buffer_skip_whitespace                 0x08003bc2   Section        0  cjson.o(i.buffer_skip_whitespace)
    buffer_skip_whitespace                   0x08003bc3   Thumb Code    72  cjson.o(i.buffer_skip_whitespace)
    i.cJSON_Delete                           0x08003c0c   Section        0  cjson.o(i.cJSON_Delete)
    i.cJSON_GetErrorPtr                      0x08003c6c   Section        0  cjson.o(i.cJSON_GetErrorPtr)
    i.cJSON_GetObjectItem                    0x08003c7c   Section        0  cjson.o(i.cJSON_GetObjectItem)
    i.cJSON_New_Item                         0x08003c8e   Section        0  cjson.o(i.cJSON_New_Item)
    cJSON_New_Item                           0x08003c8f   Thumb Code    26  cjson.o(i.cJSON_New_Item)
    i.cJSON_Parse                            0x08003ca8   Section        0  cjson.o(i.cJSON_Parse)
    i.cJSON_ParseWithLengthOpts              0x08003cb8   Section        0  cjson.o(i.cJSON_ParseWithLengthOpts)
    i.cJSON_ParseWithOpts                    0x08003d8c   Section        0  cjson.o(i.cJSON_ParseWithOpts)
    i.case_insensitive_strcmp                0x08003db4   Section        0  cjson.o(i.case_insensitive_strcmp)
    case_insensitive_strcmp                  0x08003db5   Thumb Code    72  cjson.o(i.case_insensitive_strcmp)
    i.esp8266_at_CWJAP                       0x08003dfc   Section        0  esp8266.o(i.esp8266_at_CWJAP)
    i.esp8266_at_CWMODE                      0x08003e44   Section        0  esp8266.o(i.esp8266_at_CWMODE)
    i.esp8266_at_MQTTCONN                    0x08003e64   Section        0  mqtt_esp8266.o(i.esp8266_at_MQTTCONN)
    i.esp8266_at_MQTTCONNCFG                 0x08003ea4   Section        0  mqtt_esp8266.o(i.esp8266_at_MQTTCONNCFG)
    i.esp8266_at_MQTTSUB                     0x08003ed8   Section        0  mqtt_esp8266.o(i.esp8266_at_MQTTSUB)
    i.esp8266_at_MQTTUSERCFG                 0x08003f10   Section        0  mqtt_esp8266.o(i.esp8266_at_MQTTUSERCFG)
    i.esp8266_at_PING                        0x08003f48   Section        0  esp8266.o(i.esp8266_at_PING)
    i.esp8266_at_test                        0x08003f78   Section        0  esp8266.o(i.esp8266_at_test)
    i.esp8266_clear                          0x08003f90   Section        0  esp8266.o(i.esp8266_clear)
    i.esp8266_send_command                   0x08003fac   Section        0  esp8266.o(i.esp8266_send_command)
    i.esp8266_wait_receive                   0x08003fec   Section        0  esp8266.o(i.esp8266_wait_receive)
    i.fputc                                  0x08004020   Section        0  usart.o(i.fputc)
    i.get_decimal_point                      0x0800403c   Section        0  cjson.o(i.get_decimal_point)
    get_decimal_point                        0x0800403d   Thumb Code     4  cjson.o(i.get_decimal_point)
    i.get_object_item                        0x08004040   Section        0  cjson.o(i.get_object_item)
    get_object_item                          0x08004041   Thumb Code    82  cjson.o(i.get_object_item)
    i.internal_alloc                         0x08004094   Section        0  mallocr.o(i.internal_alloc)
    internal_alloc                           0x08004095   Thumb Code    76  mallocr.o(i.internal_alloc)
    i.keep_HeartBeat                         0x080040e4   Section        0  heartbeat.o(i.keep_HeartBeat)
    i.main                                   0x08004148   Section        0  main.o(i.main)
    i.parse_array                            0x080042ac   Section        0  cjson.o(i.parse_array)
    parse_array                              0x080042ad   Thumb Code   248  cjson.o(i.parse_array)
    i.parse_hex4                             0x080043a4   Section        0  cjson.o(i.parse_hex4)
    parse_hex4                               0x080043a5   Thumb Code    90  cjson.o(i.parse_hex4)
    i.parse_number                           0x08004400   Section        0  cjson.o(i.parse_number)
    parse_number                             0x08004401   Thumb Code   298  cjson.o(i.parse_number)
    i.parse_object                           0x08004538   Section        0  cjson.o(i.parse_object)
    parse_object                             0x08004539   Thumb Code   332  cjson.o(i.parse_object)
    i.parse_string                           0x08004684   Section        0  cjson.o(i.parse_string)
    parse_string                             0x08004685   Thumb Code   398  cjson.o(i.parse_string)
    i.parse_value                            0x08004814   Section        0  cjson.o(i.parse_value)
    parse_value                              0x08004815   Thumb Code   290  cjson.o(i.parse_value)
    i.realloc                                0x08004950   Section        0  mallocr.o(i.realloc)
    i.relay5V_Init                           0x080049bc   Section        0  relay5v.o(i.relay5V_Init)
    i.skip_utf8_bom                          0x08004a00   Section        0  cjson.o(i.skip_utf8_bom)
    skip_utf8_bom                            0x08004a01   Thumb Code    56  cjson.o(i.skip_utf8_bom)
    i.strtod                                 0x08004a3c   Section        0  strtod.o(i.strtod)
    i.switchCtrlRelay_Init                   0x08004a58   Section        0  switchctrlrelay.o(i.switchCtrlRelay_Init)
    i.timer_doorLock_Init                    0x08004ad0   Section        0  timer_doorlock.o(i.timer_doorLock_Init)
    i.utf16_literal_to_utf8                  0x08004b48   Section        0  cjson.o(i.utf16_literal_to_utf8)
    utf16_literal_to_utf8                    0x08004b49   Thumb Code   300  cjson.o(i.utf16_literal_to_utf8)
    .constdata                               0x08004c74   Section       12  localtime.o(.constdata)
    monlen                                   0x08004c74   Data          12  localtime.o(.constdata)
    .constdata                               0x08004c80   Section       64  ctype_c.o(.constdata)
    .conststring                             0x08004cc0   Section      110  heartbeat.o(.conststring)
    .data                                    0x20000000   Section       20  stm32f10x_rcc.o(.data)
    APBAHBPrescTable                         0x20000000   Data          16  stm32f10x_rcc.o(.data)
    ADCPrescTable                            0x20000010   Data           4  stm32f10x_rcc.o(.data)
    .data                                    0x20000014   Section       20  cjson.o(.data)
    global_error                             0x20000014   Data           8  cjson.o(.data)
    global_hooks                             0x2000001c   Data          12  cjson.o(.data)
    .data                                    0x20000028   Section       10  usart.o(.data)
    .data                                    0x20000032   Section        8  esp8266.o(.data)
    .data                                    0x2000003a   Section        1  rec_json_parse.o(.data)
    .data                                    0x2000003b   Section        7  convertjsontime.o(.data)
    .data                                    0x20000042   Section        1  tim_heartbeat.o(.data)
    .data                                    0x20000043   Section        1  timer_doorlock.o(.data)
    .data                                    0x20000044   Section       12  main.o(.data)
    .data                                    0x20000050   Section        4  mvars.o(.data)
    .data                                    0x20000054   Section        4  mvars.o(.data)
    .bss                                     0x20000058   Section      600  usart.o(.bss)
    .bss                                     0x200002b0   Section     2048  esp8266.o(.bss)
    .bss                                     0x20000ab0   Section     2048  rec_json_parse.o(.bss)
    .bss                                     0x200012b0   Section       44  localtime.o(.bss)
    _tms                                     0x200012b0   Data          44  localtime.o(.bss)
    HEAP                                     0x200012e0   Section      512  startup_stm32f10x_md.o(HEAP)
    STACK                                    0x200014e0   Section     1024  startup_stm32f10x_md.o(STACK)

    Global Symbols

    Symbol Name                              Value     Ov Type        Size  Object(Section)

    BuildAttributes$$THM_ISAv4$P$D$K$B$S$PE$A:L22UL41UL21$X:L11$S22US41US21$IEEE1$IW$USESV6$~STKCKD$USESV7$~SHL$OTIME$ROPI$IEEEJ$EBA8$MICROLIB$REQ8$PRES8$EABIv2 0x00000000   Number         0  anon$$obj.o ABSOLUTE
    __ARM_use_no_argv                        0x00000000   Number         0  main.o ABSOLUTE
    __use_no_errno                           0x00000000   Number         0  useno.o ABSOLUTE
    __use_no_exception_handling              0x00000000   Number         0  useno.o ABSOLUTE
    __use_no_fp                              0x00000000   Number         0  useno.o ABSOLUTE
    __use_no_heap                            0x00000000   Number         0  useno.o ABSOLUTE
    __use_no_heap_region                     0x00000000   Number         0  useno.o ABSOLUTE
    __use_no_semihosting                     0x00000000   Number         0  useno.o ABSOLUTE
    __use_no_semihosting_swi                 0x00000000   Number         0  useno.o ABSOLUTE
    __use_no_signal_handling                 0x00000000   Number         0  useno.o ABSOLUTE
    _printf_a                                0x00000000   Number         0  stubs.o ABSOLUTE
    _printf_c                                0x00000000   Number         0  stubs.o ABSOLUTE
    _printf_charcount                        0x00000000   Number         0  stubs.o ABSOLUTE
    _printf_d                                0x00000000   Number         0  stubs.o ABSOLUTE
    _printf_e                                0x00000000   Number         0  stubs.o ABSOLUTE
    _printf_f                                0x00000000   Number         0  stubs.o ABSOLUTE
    _printf_flags                            0x00000000   Number         0  stubs.o ABSOLUTE
    _printf_fp_dec                           0x00000000   Number         0  stubs.o ABSOLUTE
    _printf_fp_hex                           0x00000000   Number         0  stubs.o ABSOLUTE
    _printf_g                                0x00000000   Number         0  stubs.o ABSOLUTE
    _printf_i                                0x00000000   Number         0  stubs.o ABSOLUTE
    _printf_int_dec                          0x00000000   Number         0  stubs.o ABSOLUTE
    _printf_l                                0x00000000   Number         0  stubs.o ABSOLUTE
    _printf_lc                               0x00000000   Number         0  stubs.o ABSOLUTE
    _printf_ll                               0x00000000   Number         0  stubs.o ABSOLUTE
    _printf_lld                              0x00000000   Number         0  stubs.o ABSOLUTE
    _printf_lli                              0x00000000   Number         0  stubs.o ABSOLUTE
    _printf_llo                              0x00000000   Number         0  stubs.o ABSOLUTE
    _printf_llu                              0x00000000   Number         0  stubs.o ABSOLUTE
    _printf_llx                              0x00000000   Number         0  stubs.o ABSOLUTE
    _printf_longlong_dec                     0x00000000   Number         0  stubs.o ABSOLUTE
    _printf_longlong_hex                     0x00000000   Number         0  stubs.o ABSOLUTE
    _printf_longlong_oct                     0x00000000   Number         0  stubs.o ABSOLUTE
    _printf_ls                               0x00000000   Number         0  stubs.o ABSOLUTE
    _printf_mbtowc                           0x00000000   Number         0  stubs.o ABSOLUTE
    _printf_n                                0x00000000   Number         0  stubs.o ABSOLUTE
    _printf_o                                0x00000000   Number         0  stubs.o ABSOLUTE
    _printf_p                                0x00000000   Number         0  stubs.o ABSOLUTE
    _printf_percent                          0x00000000   Number         0  stubs.o ABSOLUTE
    _printf_pre_padding                      0x00000000   Number         0  stubs.o ABSOLUTE
    _printf_return_value                     0x00000000   Number         0  stubs.o ABSOLUTE
    _printf_s                                0x00000000   Number         0  stubs.o ABSOLUTE
    _printf_sizespec                         0x00000000   Number         0  stubs.o ABSOLUTE
    _printf_str                              0x00000000   Number         0  stubs.o ABSOLUTE
    _printf_truncate_signed                  0x00000000   Number         0  stubs.o ABSOLUTE
    _printf_truncate_unsigned                0x00000000   Number         0  stubs.o ABSOLUTE
    _printf_u                                0x00000000   Number         0  stubs.o ABSOLUTE
    _printf_wc                               0x00000000   Number         0  stubs.o ABSOLUTE
    _printf_wctomb                           0x00000000   Number         0  stubs.o ABSOLUTE
    _printf_widthprec                        0x00000000   Number         0  stubs.o ABSOLUTE
    _printf_x                                0x00000000   Number         0  stubs.o ABSOLUTE
    __cpp_initialize__aeabi_                  - Undefined Weak Reference
    __cxa_finalize                            - Undefined Weak Reference
    __decompress                              - Undefined Weak Reference
    _clock_init                               - Undefined Weak Reference
    _microlib_exit                            - Undefined Weak Reference
    _scanf_int                                - Undefined Weak Reference
    _scanf_longlong                           - Undefined Weak Reference
    _scanf_string                             - Undefined Weak Reference
    __Vectors_Size                           0x000000ec   Number         0  startup_stm32f10x_md.o ABSOLUTE
    __Vectors                                0x08000000   Data           4  startup_stm32f10x_md.o(RESET)
    __Vectors_End                            0x080000ec   Data           0  startup_stm32f10x_md.o(RESET)
    __main                                   0x080000ed   Thumb Code     0  entry.o(.ARM.Collect$$$$00000000)
    _main_stk                                0x080000ed   Thumb Code     0  entry2.o(.ARM.Collect$$$$00000001)
    _main_scatterload                        0x080000f1   Thumb Code     0  entry5.o(.ARM.Collect$$$$00000004)
    __main_after_scatterload                 0x080000f5   Thumb Code     0  entry5.o(.ARM.Collect$$$$00000004)
    _main_clock                              0x080000f5   Thumb Code     0  entry7b.o(.ARM.Collect$$$$00000008)
    _main_cpp_init                           0x080000f5   Thumb Code     0  entry8b.o(.ARM.Collect$$$$0000000A)
    _main_init                               0x080000f5   Thumb Code     0  entry9a.o(.ARM.Collect$$$$0000000B)
    __rt_final_cpp                           0x080000fd   Thumb Code     0  entry10a.o(.ARM.Collect$$$$0000000D)
    __rt_final_exit                          0x080000fd   Thumb Code     0  entry11a.o(.ARM.Collect$$$$0000000F)
    Reset_Handler                            0x08000101   Thumb Code     8  startup_stm32f10x_md.o(.text)
    ADC1_2_IRQHandler                        0x0800011b   Thumb Code     0  startup_stm32f10x_md.o(.text)
    CAN1_RX1_IRQHandler                      0x0800011b   Thumb Code     0  startup_stm32f10x_md.o(.text)
    CAN1_SCE_IRQHandler                      0x0800011b   Thumb Code     0  startup_stm32f10x_md.o(.text)
    DMA1_Channel1_IRQHandler                 0x0800011b   Thumb Code     0  startup_stm32f10x_md.o(.text)
    DMA1_Channel2_IRQHandler                 0x0800011b   Thumb Code     0  startup_stm32f10x_md.o(.text)
    DMA1_Channel3_IRQHandler                 0x0800011b   Thumb Code     0  startup_stm32f10x_md.o(.text)
    DMA1_Channel4_IRQHandler                 0x0800011b   Thumb Code     0  startup_stm32f10x_md.o(.text)
    DMA1_Channel5_IRQHandler                 0x0800011b   Thumb Code     0  startup_stm32f10x_md.o(.text)
    DMA1_Channel6_IRQHandler                 0x0800011b   Thumb Code     0  startup_stm32f10x_md.o(.text)
    DMA1_Channel7_IRQHandler                 0x0800011b   Thumb Code     0  startup_stm32f10x_md.o(.text)
    EXTI0_IRQHandler                         0x0800011b   Thumb Code     0  startup_stm32f10x_md.o(.text)
    EXTI1_IRQHandler                         0x0800011b   Thumb Code     0  startup_stm32f10x_md.o(.text)
    EXTI2_IRQHandler                         0x0800011b   Thumb Code     0  startup_stm32f10x_md.o(.text)
    EXTI3_IRQHandler                         0x0800011b   Thumb Code     0  startup_stm32f10x_md.o(.text)
    EXTI4_IRQHandler                         0x0800011b   Thumb Code     0  startup_stm32f10x_md.o(.text)
    EXTI9_5_IRQHandler                       0x0800011b   Thumb Code     0  startup_stm32f10x_md.o(.text)
    FLASH_IRQHandler                         0x0800011b   Thumb Code     0  startup_stm32f10x_md.o(.text)
    I2C1_ER_IRQHandler                       0x0800011b   Thumb Code     0  startup_stm32f10x_md.o(.text)
    I2C1_EV_IRQHandler                       0x0800011b   Thumb Code     0  startup_stm32f10x_md.o(.text)
    I2C2_ER_IRQHandler                       0x0800011b   Thumb Code     0  startup_stm32f10x_md.o(.text)
    I2C2_EV_IRQHandler                       0x0800011b   Thumb Code     0  startup_stm32f10x_md.o(.text)
    PVD_IRQHandler                           0x0800011b   Thumb Code     0  startup_stm32f10x_md.o(.text)
    RCC_IRQHandler                           0x0800011b   Thumb Code     0  startup_stm32f10x_md.o(.text)
    RTCAlarm_IRQHandler                      0x0800011b   Thumb Code     0  startup_stm32f10x_md.o(.text)
    RTC_IRQHandler                           0x0800011b   Thumb Code     0  startup_stm32f10x_md.o(.text)
    SPI1_IRQHandler                          0x0800011b   Thumb Code     0  startup_stm32f10x_md.o(.text)
    SPI2_IRQHandler                          0x0800011b   Thumb Code     0  startup_stm32f10x_md.o(.text)
    TAMPER_IRQHandler                        0x0800011b   Thumb Code     0  startup_stm32f10x_md.o(.text)
    TIM1_BRK_IRQHandler                      0x0800011b   Thumb Code     0  startup_stm32f10x_md.o(.text)
    TIM1_CC_IRQHandler                       0x0800011b   Thumb Code     0  startup_stm32f10x_md.o(.text)
    TIM1_TRG_COM_IRQHandler                  0x0800011b   Thumb Code     0  startup_stm32f10x_md.o(.text)
    TIM1_UP_IRQHandler                       0x0800011b   Thumb Code     0  startup_stm32f10x_md.o(.text)
    TIM3_IRQHandler                          0x0800011b   Thumb Code     0  startup_stm32f10x_md.o(.text)
    USBWakeUp_IRQHandler                     0x0800011b   Thumb Code     0  startup_stm32f10x_md.o(.text)
    USB_HP_CAN1_TX_IRQHandler                0x0800011b   Thumb Code     0  startup_stm32f10x_md.o(.text)
    USB_LP_CAN1_RX0_IRQHandler               0x0800011b   Thumb Code     0  startup_stm32f10x_md.o(.text)
    WWDG_IRQHandler                          0x0800011b   Thumb Code     0  startup_stm32f10x_md.o(.text)
    __aeabi_ldivmod                          0x08000125   Thumb Code    98  ldiv.o(.text)
    tolower                                  0x08000187   Thumb Code    12  tolower.o(.text)
    localtime                                0x08000195   Thumb Code   138  localtime.o(.text)
    __aeabi_memcpy                           0x08000229   Thumb Code    36  memcpya.o(.text)
    __aeabi_memcpy4                          0x08000229   Thumb Code     0  memcpya.o(.text)
    __aeabi_memcpy8                          0x08000229   Thumb Code     0  memcpya.o(.text)
    __aeabi_memset                           0x0800024d   Thumb Code    14  memseta.o(.text)
    __aeabi_memset4                          0x0800024d   Thumb Code     0  memseta.o(.text)
    __aeabi_memset8                          0x0800024d   Thumb Code     0  memseta.o(.text)
    __aeabi_memclr                           0x0800025b   Thumb Code     4  memseta.o(.text)
    __aeabi_memclr4                          0x0800025b   Thumb Code     0  memseta.o(.text)
    __aeabi_memclr8                          0x0800025b   Thumb Code     0  memseta.o(.text)
    _memset$wrapper                          0x0800025f   Thumb Code    18  memseta.o(.text)
    strstr                                   0x08000271   Thumb Code    36  strstr.o(.text)
    strchr                                   0x08000295   Thumb Code    20  strchr.o(.text)
    strlen                                   0x080002a9   Thumb Code    14  strlen.o(.text)
    strcmp                                   0x080002b7   Thumb Code    28  strcmp.o(.text)
    strcpy                                   0x080002d3   Thumb Code    18  strcpy.o(.text)
    strncmp                                  0x080002e5   Thumb Code    30  strncmp.o(.text)
    _scanf_real                              0x0800042d   Thumb Code     0  scanf_fp.o(.text)
    _scanf_really_real                       0x0800042d   Thumb Code   556  scanf_fp.o(.text)
    __aeabi_dadd                             0x08000665   Thumb Code   322  dadd.o(.text)
    __aeabi_dsub                             0x080007a7   Thumb Code     6  dadd.o(.text)
    __aeabi_drsub                            0x080007ad   Thumb Code     6  dadd.o(.text)
    __aeabi_dmul                             0x080007b3   Thumb Code   228  dmul.o(.text)
    __aeabi_d2iz                             0x08000897   Thumb Code    62  dfixi.o(.text)
    __aeabi_d2lz                             0x080008d5   Thumb Code    74  dfixl.o(.text)
    __aeabi_cdcmpeq                          0x08000921   Thumb Code     0  cdcmple.o(.text)
    __aeabi_cdcmple                          0x08000921   Thumb Code    48  cdcmple.o(.text)
    __aeabi_cdrcmple                         0x08000951   Thumb Code    48  cdrcmple.o(.text)
    __aeabi_uidiv                            0x08000981   Thumb Code     0  uidiv.o(.text)
    __aeabi_uidivmod                         0x08000981   Thumb Code    44  uidiv.o(.text)
    __aeabi_uldivmod                         0x080009ad   Thumb Code    98  uldiv.o(.text)
    __aeabi_llsl                             0x08000a0f   Thumb Code    30  llshl.o(.text)
    _ll_shift_l                              0x08000a0f   Thumb Code     0  llshl.o(.text)
    __aeabi_llsr                             0x08000a2d   Thumb Code    32  llushr.o(.text)
    _ll_ushift_r                             0x08000a2d   Thumb Code     0  llushr.o(.text)
    __aeabi_lasr                             0x08000a4d   Thumb Code    36  llsshr.o(.text)
    _ll_sshift_r                             0x08000a4d   Thumb Code     0  llsshr.o(.text)
    _sgetc                                   0x08000a71   Thumb Code    30  _sgetc.o(.text)
    _sbackspace                              0x08000a8f   Thumb Code    34  _sgetc.o(.text)
    __strtod_int                             0x08000ae7   Thumb Code    90  strtod.o(.text)
    __I$use$fp                               0x08000b4d   Thumb Code     0  iusefp.o(.text)
    _double_round                            0x08000b4d   Thumb Code    30  depilogue.o(.text)
    _double_epilogue                         0x08000b6b   Thumb Code   156  depilogue.o(.text)
    __aeabi_ddiv                             0x08000c07   Thumb Code   222  ddiv.o(.text)
    __aeabi_ul2d                             0x08000ce5   Thumb Code    24  dfltul.o(.text)
    __aeabi_d2ulz                            0x08000cfd   Thumb Code    48  dfixul.o(.text)
    __aeabi_d2f                              0x08000d2d   Thumb Code    56  d2f.o(.text)
    __scatterload                            0x08000d65   Thumb Code    28  init.o(.text)
    __scatterload_rt2                        0x08000d65   Thumb Code     0  init.o(.text)
    isspace                                  0x08000d89   Thumb Code    10  isspace_c.o(.text)
    _float_round                             0x08000d93   Thumb Code    18  fepilogue.o(.text)
    _float_epilogue                          0x08000da5   Thumb Code    92  fepilogue.o(.text)
    __ctype_lookup                           0x08000e01   Thumb Code    34  ctype_c.o(.text)
    BusFault_Handler                         0x08000e29   Thumb Code     4  stm32f10x_it.o(i.BusFault_Handler)
    CompareTime                              0x08000e2d   Thumb Code   130  convertjsontime.o(i.CompareTime)
    ConvMillisToDateTime_C                   0x08000f95   Thumb Code    82  convertjsontime.o(i.ConvMillisToDateTime_C)
    ConvMillisToDateTime_E                   0x08000fed   Thumb Code   110  convertjsontime.o(i.ConvMillisToDateTime_E)
    DS1302_GPIOInit                          0x08001065   Thumb Code    38  ds1302.o(i.DS1302_GPIOInit)
    DS1302_IO_GPIO                           0x08001091   Thumb Code    66  ds1302.o(i.DS1302_IO_GPIO)
    DS1302_Read                              0x080010d9   Thumb Code   192  ds1302.o(i.DS1302_Read)
    DS1302_Readtime                          0x0800119d   Thumb Code    64  ds1302.o(i.DS1302_Readtime)
    DS1302_SetTime                           0x080011e1   Thumb Code   214  ds1302.o(i.DS1302_SetTime)
    DS1302_Write                             0x080012b9   Thumb Code   138  ds1302.o(i.DS1302_Write)
    DS1302_delay                             0x08001349   Thumb Code    24  ds1302.o(i.DS1302_delay)
    DS1302_init                              0x08001361   Thumb Code    52  ds1302.o(i.DS1302_init)
    DebugMon_Handler                         0x08001399   Thumb Code     2  stm32f10x_it.o(i.DebugMon_Handler)
    Delay_ms                                 0x0800139b   Thumb Code    24  delay.o(i.Delay_ms)
    Delay_us                                 0x080013b3   Thumb Code    46  delay.o(i.Delay_us)
    ESP8266_GPIO_PinInit                     0x080013e1   Thumb Code    50  esp8266.o(i.ESP8266_GPIO_PinInit)
    ESP8266_Init                             0x0800141d   Thumb Code   400  esp8266.o(i.ESP8266_Init)
    EXTI15_10_IRQHandler                     0x080016ed   Thumb Code    94  switchctrlrelay.o(i.EXTI15_10_IRQHandler)
    EXTI_ClearITPendingBit                   0x08001761   Thumb Code     6  stm32f10x_exti.o(i.EXTI_ClearITPendingBit)
    EXTI_GetITStatus                         0x0800176d   Thumb Code    34  stm32f10x_exti.o(i.EXTI_GetITStatus)
    EXTI_Init                                0x08001795   Thumb Code   142  stm32f10x_exti.o(i.EXTI_Init)
    GPIO_EXTILineConfig                      0x08001829   Thumb Code    60  stm32f10x_gpio.o(i.GPIO_EXTILineConfig)
    GPIO_Init                                0x08001869   Thumb Code   278  stm32f10x_gpio.o(i.GPIO_Init)
    GPIO_PinRemapConfig                      0x08001981   Thumb Code   138  stm32f10x_gpio.o(i.GPIO_PinRemapConfig)
    GPIO_Pin_Init                            0x08001a11   Thumb Code    62  mygpio.o(i.GPIO_Pin_Init)
    GPIO_ReadInputDataBit                    0x08001a55   Thumb Code    18  stm32f10x_gpio.o(i.GPIO_ReadInputDataBit)
    HardFault_Handler                        0x08001a67   Thumb Code     4  stm32f10x_it.o(i.HardFault_Handler)
    IWDG_Enable                              0x08001a6d   Thumb Code    10  stm32f10x_iwdg.o(i.IWDG_Enable)
    IWDG_Init                                0x08001a7d   Thumb Code    34  main.o(i.IWDG_Init)
    IWDG_ReloadCounter                       0x08001aa1   Thumb Code    10  stm32f10x_iwdg.o(i.IWDG_ReloadCounter)
    IWDG_SetPrescaler                        0x08001ab1   Thumb Code     6  stm32f10x_iwdg.o(i.IWDG_SetPrescaler)
    IWDG_SetReload                           0x08001abd   Thumb Code     6  stm32f10x_iwdg.o(i.IWDG_SetReload)
    IWDG_WriteAccessCmd                      0x08001ac9   Thumb Code     6  stm32f10x_iwdg.o(i.IWDG_WriteAccessCmd)
    Json_parse_WithPayload2                  0x08001ad5   Thumb Code   742  rec_json_parse.o(i.Json_parse_WithPayload2)
    MQTT_Init                                0x08002339   Thumb Code   278  mqtt_esp8266.o(i.MQTT_Init)
    MemManage_Handler                        0x080025b5   Thumb Code     4  stm32f10x_it.o(i.MemManage_Handler)
    NMI_Handler                              0x080025b9   Thumb Code     2  stm32f10x_it.o(i.NMI_Handler)
    NVIC_Init                                0x080025bd   Thumb Code   100  misc.o(i.NVIC_Init)
    NVIC_PriorityGroupConfig                 0x0800262d   Thumb Code    10  misc.o(i.NVIC_PriorityGroupConfig)
    PendSV_Handler                           0x08002689   Thumb Code     2  stm32f10x_it.o(i.PendSV_Handler)
    RCC_APB1PeriphClockCmd                   0x0800268d   Thumb Code    26  stm32f10x_rcc.o(i.RCC_APB1PeriphClockCmd)
    RCC_APB1PeriphResetCmd                   0x080026ad   Thumb Code    26  stm32f10x_rcc.o(i.RCC_APB1PeriphResetCmd)
    RCC_APB2PeriphClockCmd                   0x080026cd   Thumb Code    26  stm32f10x_rcc.o(i.RCC_APB2PeriphClockCmd)
    RCC_APB2PeriphResetCmd                   0x080026ed   Thumb Code    26  stm32f10x_rcc.o(i.RCC_APB2PeriphResetCmd)
    RCC_GetClocksFreq                        0x0800270d   Thumb Code   192  stm32f10x_rcc.o(i.RCC_GetClocksFreq)
    SVC_Handler                              0x080027e1   Thumb Code     2  stm32f10x_it.o(i.SVC_Handler)
    SysTick_Handler                          0x080028cd   Thumb Code     2  stm32f10x_it.o(i.SysTick_Handler)
    SystemInit                               0x080028d1   Thumb Code    78  system_stm32f10x.o(i.SystemInit)
    TIM2_IRQHandler                          0x08002931   Thumb Code    28  tim_heartbeat.o(i.TIM2_IRQHandler)
    TIM4_IRQHandler                          0x08002951   Thumb Code   102  timer_doorlock.o(i.TIM4_IRQHandler)
    TIM_ClearFlag                            0x080029d5   Thumb Code     6  stm32f10x_tim.o(i.TIM_ClearFlag)
    TIM_ClearITPendingBit                    0x080029db   Thumb Code     6  stm32f10x_tim.o(i.TIM_ClearITPendingBit)
    TIM_Cmd                                  0x080029e1   Thumb Code    24  stm32f10x_tim.o(i.TIM_Cmd)
    TIM_GetITStatus                          0x080029f9   Thumb Code    34  stm32f10x_tim.o(i.TIM_GetITStatus)
    TIM_HeartBeat_Init                       0x08002a1b   Thumb Code   118  tim_heartbeat.o(i.TIM_HeartBeat_Init)
    TIM_ITConfig                             0x08002a91   Thumb Code    18  stm32f10x_tim.o(i.TIM_ITConfig)
    TIM_TimeBaseInit                         0x08002aa5   Thumb Code   122  stm32f10x_tim.o(i.TIM_TimeBaseInit)
    USART1_IRQHandler                        0x08002b49   Thumb Code   122  usart.o(i.USART1_IRQHandler)
    USART2_IRQHandler                        0x08002bd1   Thumb Code    16  main.o(i.USART2_IRQHandler)
    USART2_IRQHandler_Init                   0x08002be5   Thumb Code    68  esp8266.o(i.USART2_IRQHandler_Init)
    USART2_IRQHandler_Runtime3_WithPayload   0x08002c35   Thumb Code   106  esp8266.o(i.USART2_IRQHandler_Runtime3_WithPayload)
    USART2_SendString                        0x08002cb5   Thumb Code    38  usart.o(i.USART2_SendString)
    USART3_IRQHandler                        0x08002ce1   Thumb Code   122  usart.o(i.USART3_IRQHandler)
    USART_ClearITPendingBit                  0x08002d6d   Thumb Code    30  stm32f10x_usart.o(i.USART_ClearITPendingBit)
    USART_Cmd                                0x08002d8b   Thumb Code    24  stm32f10x_usart.o(i.USART_Cmd)
    USART_DeInit                             0x08002da5   Thumb Code   134  stm32f10x_usart.o(i.USART_DeInit)
    USART_GetFlagStatus                      0x08002e41   Thumb Code    26  stm32f10x_usart.o(i.USART_GetFlagStatus)
    USART_GetITStatus                        0x08002e5b   Thumb Code    84  stm32f10x_usart.o(i.USART_GetITStatus)
    USART_ITConfig                           0x08002eaf   Thumb Code    74  stm32f10x_usart.o(i.USART_ITConfig)
    USART_Init                               0x08002ef9   Thumb Code   210  stm32f10x_usart.o(i.USART_Init)
    USART_ReceiveData                        0x08002fd1   Thumb Code    10  stm32f10x_usart.o(i.USART_ReceiveData)
    USART_SendData                           0x08002fdb   Thumb Code     8  stm32f10x_usart.o(i.USART_SendData)
    UsageFault_Handler                       0x08002fe3   Thumb Code     4  stm32f10x_it.o(i.UsageFault_Handler)
    Usart1_Init                              0x08002fe9   Thumb Code   164  usart.o(i.Usart1_Init)
    Usart2_Init                              0x08003095   Thumb Code   170  usart.o(i.Usart2_Init)
    __0printf                                0x08003149   Thumb Code    22  printfa.o(i.__0printf)
    __1printf                                0x08003149   Thumb Code     0  printfa.o(i.__0printf)
    __2printf                                0x08003149   Thumb Code     0  printfa.o(i.__0printf)
    __c89printf                              0x08003149   Thumb Code     0  printfa.o(i.__0printf)
    printf                                   0x08003149   Thumb Code     0  printfa.o(i.__0printf)
    __0sprintf                               0x08003169   Thumb Code    34  printfa.o(i.__0sprintf)
    __1sprintf                               0x08003169   Thumb Code     0  printfa.o(i.__0sprintf)
    __2sprintf                               0x08003169   Thumb Code     0  printfa.o(i.__0sprintf)
    __c89sprintf                             0x08003169   Thumb Code     0  printfa.o(i.__0sprintf)
    sprintf                                  0x08003169   Thumb Code     0  printfa.o(i.__0sprintf)
    free                                     0x08003191   Thumb Code    88  mallocr.o(i.__free$realloc)
    malloc                                   0x080031ed   Thumb Code    64  mallocr.o(i.__malloc$realloc)
    __scatterload_copy                       0x0800323d   Thumb Code    14  handlers.o(i.__scatterload_copy)
    __scatterload_null                       0x0800324b   Thumb Code     2  handlers.o(i.__scatterload_null)
    __scatterload_zeroinit                   0x0800324d   Thumb Code    14  handlers.o(i.__scatterload_zeroinit)
    _is_digit                                0x080033e1   Thumb Code    14  scanf_fp.o(i._is_digit)
    add_backslashes_and_quotes               0x08003b29   Thumb Code   154  mqtt_esp8266.o(i.add_backslashes_and_quotes)
    cJSON_Delete                             0x08003c0d   Thumb Code    92  cjson.o(i.cJSON_Delete)
    cJSON_GetErrorPtr                        0x08003c6d   Thumb Code    12  cjson.o(i.cJSON_GetErrorPtr)
    cJSON_GetObjectItem                      0x08003c7d   Thumb Code    18  cjson.o(i.cJSON_GetObjectItem)
    cJSON_Parse                              0x08003ca9   Thumb Code    16  cjson.o(i.cJSON_Parse)
    cJSON_ParseWithLengthOpts                0x08003cb9   Thumb Code   204  cjson.o(i.cJSON_ParseWithLengthOpts)
    cJSON_ParseWithOpts                      0x08003d8d   Thumb Code    40  cjson.o(i.cJSON_ParseWithOpts)
    esp8266_at_CWJAP                         0x08003dfd   Thumb Code    32  esp8266.o(i.esp8266_at_CWJAP)
    esp8266_at_CWMODE                        0x08003e45   Thumb Code    12  esp8266.o(i.esp8266_at_CWMODE)
    esp8266_at_MQTTCONN                      0x08003e65   Thumb Code    32  mqtt_esp8266.o(i.esp8266_at_MQTTCONN)
    esp8266_at_MQTTCONNCFG                   0x08003ea5   Thumb Code    28  mqtt_esp8266.o(i.esp8266_at_MQTTCONNCFG)
    esp8266_at_MQTTSUB                       0x08003ed9   Thumb Code    28  mqtt_esp8266.o(i.esp8266_at_MQTTSUB)
    esp8266_at_MQTTUSERCFG                   0x08003f11   Thumb Code    32  mqtt_esp8266.o(i.esp8266_at_MQTTUSERCFG)
    esp8266_at_PING                          0x08003f49   Thumb Code    28  esp8266.o(i.esp8266_at_PING)
    esp8266_at_test                          0x08003f79   Thumb Code    12  esp8266.o(i.esp8266_at_test)
    esp8266_clear                            0x08003f91   Thumb Code    20  esp8266.o(i.esp8266_clear)
    esp8266_send_command                     0x08003fad   Thumb Code    60  esp8266.o(i.esp8266_send_command)
    esp8266_wait_receive                     0x08003fed   Thumb Code    42  esp8266.o(i.esp8266_wait_receive)
    fputc                                    0x08004021   Thumb Code    24  usart.o(i.fputc)
    keep_HeartBeat                           0x080040e5   Thumb Code    34  heartbeat.o(i.keep_HeartBeat)
    main                                     0x08004149   Thumb Code   262  main.o(i.main)
    realloc                                  0x08004951   Thumb Code   102  mallocr.o(i.realloc)
    relay5V_Init                             0x080049bd   Thumb Code    60  relay5v.o(i.relay5V_Init)
    strtod                                   0x08004a3d   Thumb Code    28  strtod.o(i.strtod)
    switchCtrlRelay_Init                     0x08004a59   Thumb Code   116  switchctrlrelay.o(i.switchCtrlRelay_Init)
    timer_doorLock_Init                      0x08004ad1   Thumb Code   114  timer_doorlock.o(i.timer_doorLock_Init)
    __ctype_categories                       0x08004c80   Data          64  ctype_c.o(.constdata)
    Region$$Table$$Base                      0x08004d30   Number         0  anon$$obj.o(Region$$Table)
    Region$$Table$$Limit                     0x08004d50   Number         0  anon$$obj.o(Region$$Table)
    __stdout                                 0x20000028   Data           4  usart.o(.data)
    USART1_RX_STA                            0x2000002c   Data           2  usart.o(.data)
    USART2_RX_STA                            0x2000002e   Data           2  usart.o(.data)
    USART3_RX_STA                            0x20000030   Data           2  usart.o(.data)
    REC_WithPayload_Flag                     0x20000032   Data           1  esp8266.o(.data)
    data_REC_WithPayload_Flag                0x20000033   Data           1  esp8266.o(.data)
    data_REC_NoPayload_Flag                  0x20000034   Data           1  esp8266.o(.data)
    esp8266_rx_index                         0x20000036   Data           2  esp8266.o(.data)
    esp8266_cntPre                           0x20000038   Data           2  esp8266.o(.data)
    BackSound_Flag                           0x2000003a   Data           1  rec_json_parse.o(.data)
    End_time                                 0x2000003b   Data           6  convertjsontime.o(.data)
    CompareTime_Flag                         0x20000041   Data           1  convertjsontime.o(.data)
    Enable_HeartBeat_Send_Flag               0x20000042   Data           1  tim_heartbeat.o(.data)
    Time_doorLock                            0x20000043   Data           1  timer_doorlock.o(.data)
    time_Current                             0x20000044   Data           6  main.o(.data)
    USART2_IRQHandler_ptr                    0x2000004c   Data           4  main.o(.data)
    __microlib_freelist                      0x20000050   Data           4  mvars.o(.data)
    __microlib_freelist_initialised          0x20000054   Data           4  mvars.o(.data)
    USART1_RX_BUF                            0x20000058   Data         200  usart.o(.bss)
    USART2_RX_BUF                            0x20000120   Data         200  usart.o(.bss)
    USART3_RX_BUF                            0x200001e8   Data         200  usart.o(.bss)
    rx_buffer_esp8266                        0x200002b0   Data        2048  esp8266.o(.bss)
    Rx_WithPayload_temp                      0x20000ab0   Data        2048  rec_json_parse.o(.bss)
    __heap_base                              0x200012e0   Data           0  startup_stm32f10x_md.o(HEAP)
    __heap_limit                             0x200014e0   Data           0  startup_stm32f10x_md.o(HEAP)
    __initial_sp                             0x200018e0   Data           0  startup_stm32f10x_md.o(STACK)



==============================================================================

Memory Map of the image

  Image Entry point : 0x080000ed

  Load Region LR_IROM1 (Base: 0x08000000, Size: 0x00004da8, Max: 0x00010000, ABSOLUTE)

    Execution Region ER_IROM1 (Exec base: 0x08000000, Load base: 0x08000000, Size: 0x00004d50, Max: 0x00010000, ABSOLUTE)

    Exec Addr    Load Addr    Size         Type   Attr      Idx    E Section Name        Object

    0x08000000   0x08000000   0x000000ec   Data   RO         3867    RESET               startup_stm32f10x_md.o
    0x080000ec   0x080000ec   0x00000000   Code   RO         4809  * .ARM.Collect$$$$00000000  mc_w.l(entry.o)
    0x080000ec   0x080000ec   0x00000004   Code   RO         5151    .ARM.Collect$$$$00000001  mc_w.l(entry2.o)
    0x080000f0   0x080000f0   0x00000004   Code   RO         5154    .ARM.Collect$$$$00000004  mc_w.l(entry5.o)
    0x080000f4   0x080000f4   0x00000000   Code   RO         5156    .ARM.Collect$$$$00000008  mc_w.l(entry7b.o)
    0x080000f4   0x080000f4   0x00000000   Code   RO         5158    .ARM.Collect$$$$0000000A  mc_w.l(entry8b.o)
    0x080000f4   0x080000f4   0x00000008   Code   RO         5159    .ARM.Collect$$$$0000000B  mc_w.l(entry9a.o)
    0x080000fc   0x080000fc   0x00000000   Code   RO         5161    .ARM.Collect$$$$0000000D  mc_w.l(entry10a.o)
    0x080000fc   0x080000fc   0x00000000   Code   RO         5163    .ARM.Collect$$$$0000000F  mc_w.l(entry11a.o)
    0x080000fc   0x080000fc   0x00000004   Code   RO         5152    .ARM.Collect$$$$00002712  mc_w.l(entry2.o)
    0x08000100   0x08000100   0x00000024   Code   RO         3868    .text               startup_stm32f10x_md.o
    0x08000124   0x08000124   0x00000062   Code   RO         4812    .text               mc_w.l(ldiv.o)
    0x08000186   0x08000186   0x0000000c   Code   RO         4814    .text               mc_w.l(tolower.o)
    0x08000192   0x08000192   0x00000002   PAD
    0x08000194   0x08000194   0x00000094   Code   RO         4816    .text               mc_w.l(localtime.o)
    0x08000228   0x08000228   0x00000024   Code   RO         4820    .text               mc_w.l(memcpya.o)
    0x0800024c   0x0800024c   0x00000024   Code   RO         4822    .text               mc_w.l(memseta.o)
    0x08000270   0x08000270   0x00000024   Code   RO         4826    .text               mc_w.l(strstr.o)
    0x08000294   0x08000294   0x00000014   Code   RO         4828    .text               mc_w.l(strchr.o)
    0x080002a8   0x080002a8   0x0000000e   Code   RO         4830    .text               mc_w.l(strlen.o)
    0x080002b6   0x080002b6   0x0000001c   Code   RO         4832    .text               mc_w.l(strcmp.o)
    0x080002d2   0x080002d2   0x00000012   Code   RO         4834    .text               mc_w.l(strcpy.o)
    0x080002e4   0x080002e4   0x0000001e   Code   RO         4836    .text               mc_w.l(strncmp.o)
    0x08000302   0x08000302   0x00000002   PAD
    0x08000304   0x08000304   0x00000360   Code   RO         5131    .text               mc_w.l(scanf_fp.o)
    0x08000664   0x08000664   0x0000014e   Code   RO         5135    .text               mf_w.l(dadd.o)
    0x080007b2   0x080007b2   0x000000e4   Code   RO         5137    .text               mf_w.l(dmul.o)
    0x08000896   0x08000896   0x0000003e   Code   RO         5141    .text               mf_w.l(dfixi.o)
    0x080008d4   0x080008d4   0x0000004a   Code   RO         5143    .text               mf_w.l(dfixl.o)
    0x0800091e   0x0800091e   0x00000002   PAD
    0x08000920   0x08000920   0x00000030   Code   RO         5147    .text               mf_w.l(cdcmple.o)
    0x08000950   0x08000950   0x00000030   Code   RO         5149    .text               mf_w.l(cdrcmple.o)
    0x08000980   0x08000980   0x0000002c   Code   RO         5165    .text               mc_w.l(uidiv.o)
    0x080009ac   0x080009ac   0x00000062   Code   RO         5167    .text               mc_w.l(uldiv.o)
    0x08000a0e   0x08000a0e   0x0000001e   Code   RO         5169    .text               mc_w.l(llshl.o)
    0x08000a2c   0x08000a2c   0x00000020   Code   RO         5171    .text               mc_w.l(llushr.o)
    0x08000a4c   0x08000a4c   0x00000024   Code   RO         5173    .text               mc_w.l(llsshr.o)
    0x08000a70   0x08000a70   0x00000040   Code   RO         5179    .text               mc_w.l(_sgetc.o)
    0x08000ab0   0x08000ab0   0x0000009c   Code   RO         5181    .text               mc_w.l(strtod.o)
    0x08000b4c   0x08000b4c   0x00000000   Code   RO         5183    .text               mc_w.l(iusefp.o)
    0x08000b4c   0x08000b4c   0x000000ba   Code   RO         5184    .text               mf_w.l(depilogue.o)
    0x08000c06   0x08000c06   0x000000de   Code   RO         5186    .text               mf_w.l(ddiv.o)
    0x08000ce4   0x08000ce4   0x00000018   Code   RO         5188    .text               mf_w.l(dfltul.o)
    0x08000cfc   0x08000cfc   0x00000030   Code   RO         5190    .text               mf_w.l(dfixul.o)
    0x08000d2c   0x08000d2c   0x00000038   Code   RO         5192    .text               mf_w.l(d2f.o)
    0x08000d64   0x08000d64   0x00000024   Code   RO         5194    .text               mc_w.l(init.o)
    0x08000d88   0x08000d88   0x0000000a   Code   RO         5196    .text               mc_w.l(isspace_c.o)
    0x08000d92   0x08000d92   0x0000006e   Code   RO         5200    .text               mf_w.l(fepilogue.o)
    0x08000e00   0x08000e00   0x00000028   Code   RO         5202    .text               mc_w.l(ctype_c.o)
    0x08000e28   0x08000e28   0x00000004   Code   RO         4707    i.BusFault_Handler  stm32f10x_it.o
    0x08000e2c   0x08000e2c   0x00000168   Code   RO         4455    i.CompareTime       convertjsontime.o
    0x08000f94   0x08000f94   0x00000058   Code   RO         4456    i.ConvMillisToDateTime_C  convertjsontime.o
    0x08000fec   0x08000fec   0x00000078   Code   RO         4457    i.ConvMillisToDateTime_E  convertjsontime.o
    0x08001064   0x08001064   0x0000002c   Code   RO         4596    i.DS1302_GPIOInit   ds1302.o
    0x08001090   0x08001090   0x00000048   Code   RO         4597    i.DS1302_IO_GPIO    ds1302.o
    0x080010d8   0x080010d8   0x000000c4   Code   RO         4600    i.DS1302_Read       ds1302.o
    0x0800119c   0x0800119c   0x00000044   Code   RO         4601    i.DS1302_Readtime   ds1302.o
    0x080011e0   0x080011e0   0x000000d6   Code   RO         4602    i.DS1302_SetTime    ds1302.o
    0x080012b6   0x080012b6   0x00000002   PAD
    0x080012b8   0x080012b8   0x00000090   Code   RO         4603    i.DS1302_Write      ds1302.o
    0x08001348   0x08001348   0x00000018   Code   RO         4604    i.DS1302_delay      ds1302.o
    0x08001360   0x08001360   0x00000038   Code   RO         4605    i.DS1302_init       ds1302.o
    0x08001398   0x08001398   0x00000002   Code   RO         4708    i.DebugMon_Handler  stm32f10x_it.o
    0x0800139a   0x0800139a   0x00000018   Code   RO         3980    i.Delay_ms          delay.o
    0x080013b2   0x080013b2   0x0000002e   Code   RO         3982    i.Delay_us          delay.o
    0x080013e0   0x080013e0   0x0000003c   Code   RO         4120    i.ESP8266_GPIO_PinInit  esp8266.o
    0x0800141c   0x0800141c   0x000002d0   Code   RO         4121    i.ESP8266_Init      esp8266.o
    0x080016ec   0x080016ec   0x00000074   Code   RO         4666    i.EXTI15_10_IRQHandler  switchctrlrelay.o
    0x08001760   0x08001760   0x0000000c   Code   RO          914    i.EXTI_ClearITPendingBit  stm32f10x_exti.o
    0x0800176c   0x0800176c   0x00000028   Code   RO          918    i.EXTI_GetITStatus  stm32f10x_exti.o
    0x08001794   0x08001794   0x00000094   Code   RO          919    i.EXTI_Init         stm32f10x_exti.o
    0x08001828   0x08001828   0x00000040   Code   RO         1273    i.GPIO_EXTILineConfig  stm32f10x_gpio.o
    0x08001868   0x08001868   0x00000116   Code   RO         1276    i.GPIO_Init         stm32f10x_gpio.o
    0x0800197e   0x0800197e   0x00000002   PAD
    0x08001980   0x08001980   0x00000090   Code   RO         1278    i.GPIO_PinRemapConfig  stm32f10x_gpio.o
    0x08001a10   0x08001a10   0x00000044   Code   RO         4004    i.GPIO_Pin_Init     mygpio.o
    0x08001a54   0x08001a54   0x00000012   Code   RO         1280    i.GPIO_ReadInputDataBit  stm32f10x_gpio.o
    0x08001a66   0x08001a66   0x00000004   Code   RO         4709    i.HardFault_Handler  stm32f10x_it.o
    0x08001a6a   0x08001a6a   0x00000002   PAD
    0x08001a6c   0x08001a6c   0x00000010   Code   RO         1594    i.IWDG_Enable       stm32f10x_iwdg.o
    0x08001a7c   0x08001a7c   0x00000022   Code   RO         4770    i.IWDG_Init         main.o
    0x08001a9e   0x08001a9e   0x00000002   PAD
    0x08001aa0   0x08001aa0   0x00000010   Code   RO         1596    i.IWDG_ReloadCounter  stm32f10x_iwdg.o
    0x08001ab0   0x08001ab0   0x0000000c   Code   RO         1597    i.IWDG_SetPrescaler  stm32f10x_iwdg.o
    0x08001abc   0x08001abc   0x0000000c   Code   RO         1598    i.IWDG_SetReload    stm32f10x_iwdg.o
    0x08001ac8   0x08001ac8   0x0000000c   Code   RO         1599    i.IWDG_WriteAccessCmd  stm32f10x_iwdg.o
    0x08001ad4   0x08001ad4   0x0000047c   Code   RO         4420    i.Json_parse_WithPayload2  rec_json_parse.o
    0x08001f50   0x08001f50   0x000003e8   Code   RO         4421    i.Json_parse_WithPayload_input  rec_json_parse.o
    0x08002338   0x08002338   0x0000027c   Code   RO         4298    i.MQTT_Init         mqtt_esp8266.o
    0x080025b4   0x080025b4   0x00000004   Code   RO         4710    i.MemManage_Handler  stm32f10x_it.o
    0x080025b8   0x080025b8   0x00000002   Code   RO         4711    i.NMI_Handler       stm32f10x_it.o
    0x080025ba   0x080025ba   0x00000002   PAD
    0x080025bc   0x080025bc   0x00000070   Code   RO            1    i.NVIC_Init         misc.o
    0x0800262c   0x0800262c   0x00000014   Code   RO            2    i.NVIC_PriorityGroupConfig  misc.o
    0x08002640   0x08002640   0x00000024   Code   RO         4299    i.NVIC_SystemReset  mqtt_esp8266.o
    0x08002664   0x08002664   0x00000024   Code   RO         4422    i.NVIC_SystemReset  rec_json_parse.o
    0x08002688   0x08002688   0x00000002   Code   RO         4712    i.PendSV_Handler    stm32f10x_it.o
    0x0800268a   0x0800268a   0x00000002   PAD
    0x0800268c   0x0800268c   0x00000020   Code   RO         1704    i.RCC_APB1PeriphClockCmd  stm32f10x_rcc.o
    0x080026ac   0x080026ac   0x00000020   Code   RO         1705    i.RCC_APB1PeriphResetCmd  stm32f10x_rcc.o
    0x080026cc   0x080026cc   0x00000020   Code   RO         1706    i.RCC_APB2PeriphClockCmd  stm32f10x_rcc.o
    0x080026ec   0x080026ec   0x00000020   Code   RO         1707    i.RCC_APB2PeriphResetCmd  stm32f10x_rcc.o
    0x0800270c   0x0800270c   0x000000d4   Code   RO         1714    i.RCC_GetClocksFreq  stm32f10x_rcc.o
    0x080027e0   0x080027e0   0x00000002   Code   RO         4713    i.SVC_Handler       stm32f10x_it.o
    0x080027e2   0x080027e2   0x00000008   Code   RO         3812    i.SetSysClock       system_stm32f10x.o
    0x080027ea   0x080027ea   0x00000002   PAD
    0x080027ec   0x080027ec   0x000000e0   Code   RO         3813    i.SetSysClockTo72   system_stm32f10x.o
    0x080028cc   0x080028cc   0x00000002   Code   RO         4714    i.SysTick_Handler   stm32f10x_it.o
    0x080028ce   0x080028ce   0x00000002   PAD
    0x080028d0   0x080028d0   0x00000060   Code   RO         3815    i.SystemInit        system_stm32f10x.o
    0x08002930   0x08002930   0x00000020   Code   RO         4501    i.TIM2_IRQHandler   tim_heartbeat.o
    0x08002950   0x08002950   0x00000084   Code   RO         4685    i.TIM4_IRQHandler   timer_doorlock.o
    0x080029d4   0x080029d4   0x00000006   Code   RO         2344    i.TIM_ClearFlag     stm32f10x_tim.o
    0x080029da   0x080029da   0x00000006   Code   RO         2345    i.TIM_ClearITPendingBit  stm32f10x_tim.o
    0x080029e0   0x080029e0   0x00000018   Code   RO         2350    i.TIM_Cmd           stm32f10x_tim.o
    0x080029f8   0x080029f8   0x00000022   Code   RO         2371    i.TIM_GetITStatus   stm32f10x_tim.o
    0x08002a1a   0x08002a1a   0x00000076   Code   RO         4502    i.TIM_HeartBeat_Init  tim_heartbeat.o
    0x08002a90   0x08002a90   0x00000012   Code   RO         2375    i.TIM_ITConfig      stm32f10x_tim.o
    0x08002aa2   0x08002aa2   0x00000002   PAD
    0x08002aa4   0x08002aa4   0x000000a4   Code   RO         2421    i.TIM_TimeBaseInit  stm32f10x_tim.o
    0x08002b48   0x08002b48   0x00000088   Code   RO         4040    i.USART1_IRQHandler  usart.o
    0x08002bd0   0x08002bd0   0x00000014   Code   RO         4771    i.USART2_IRQHandler  main.o
    0x08002be4   0x08002be4   0x00000050   Code   RO         4122    i.USART2_IRQHandler_Init  esp8266.o
    0x08002c34   0x08002c34   0x00000080   Code   RO         4125    i.USART2_IRQHandler_Runtime3_WithPayload  esp8266.o
    0x08002cb4   0x08002cb4   0x0000002c   Code   RO         4042    i.USART2_SendString  usart.o
    0x08002ce0   0x08002ce0   0x0000008c   Code   RO         4043    i.USART3_IRQHandler  usart.o
    0x08002d6c   0x08002d6c   0x0000001e   Code   RO         2886    i.USART_ClearITPendingBit  stm32f10x_usart.o
    0x08002d8a   0x08002d8a   0x00000018   Code   RO         2889    i.USART_Cmd         stm32f10x_usart.o
    0x08002da2   0x08002da2   0x00000002   PAD
    0x08002da4   0x08002da4   0x0000009c   Code   RO         2891    i.USART_DeInit      stm32f10x_usart.o
    0x08002e40   0x08002e40   0x0000001a   Code   RO         2892    i.USART_GetFlagStatus  stm32f10x_usart.o
    0x08002e5a   0x08002e5a   0x00000054   Code   RO         2893    i.USART_GetITStatus  stm32f10x_usart.o
    0x08002eae   0x08002eae   0x0000004a   Code   RO         2895    i.USART_ITConfig    stm32f10x_usart.o
    0x08002ef8   0x08002ef8   0x000000d8   Code   RO         2896    i.USART_Init        stm32f10x_usart.o
    0x08002fd0   0x08002fd0   0x0000000a   Code   RO         2903    i.USART_ReceiveData  stm32f10x_usart.o
    0x08002fda   0x08002fda   0x00000008   Code   RO         2906    i.USART_SendData    stm32f10x_usart.o
    0x08002fe2   0x08002fe2   0x00000004   Code   RO         4715    i.UsageFault_Handler  stm32f10x_it.o
    0x08002fe6   0x08002fe6   0x00000002   PAD
    0x08002fe8   0x08002fe8   0x000000ac   Code   RO         4045    i.Usart1_Init       usart.o
    0x08003094   0x08003094   0x000000b4   Code   RO         4046    i.Usart2_Init       usart.o
    0x08003148   0x08003148   0x00000020   Code   RO         5073    i.__0printf         mc_w.l(printfa.o)
    0x08003168   0x08003168   0x00000028   Code   RO         5075    i.__0sprintf        mc_w.l(printfa.o)
    0x08003190   0x08003190   0x0000005c   Code   RO         5105    i.__free$realloc    mc_w.l(mallocr.o)
    0x080031ec   0x080031ec   0x00000050   Code   RO         5106    i.__malloc$realloc  mc_w.l(mallocr.o)
    0x0800323c   0x0800323c   0x0000000e   Code   RO         5207    i.__scatterload_copy  mc_w.l(handlers.o)
    0x0800324a   0x0800324a   0x00000002   Code   RO         5208    i.__scatterload_null  mc_w.l(handlers.o)
    0x0800324c   0x0800324c   0x0000000e   Code   RO         5209    i.__scatterload_zeroinit  mc_w.l(handlers.o)
    0x0800325a   0x0800325a   0x00000002   PAD
    0x0800325c   0x0800325c   0x00000184   Code   RO         5080    i._fp_digits        mc_w.l(printfa.o)
    0x080033e0   0x080033e0   0x0000000e   Code   RO         5133    i._is_digit         mc_w.l(scanf_fp.o)
    0x080033ee   0x080033ee   0x00000002   PAD
    0x080033f0   0x080033f0   0x000006dc   Code   RO         5081    i._printf_core      mc_w.l(printfa.o)
    0x08003acc   0x08003acc   0x00000024   Code   RO         5082    i._printf_post_padding  mc_w.l(printfa.o)
    0x08003af0   0x08003af0   0x0000002e   Code   RO         5083    i._printf_pre_padding  mc_w.l(printfa.o)
    0x08003b1e   0x08003b1e   0x0000000a   Code   RO         5085    i._sputc            mc_w.l(printfa.o)
    0x08003b28   0x08003b28   0x0000009a   Code   RO         4300    i.add_backslashes_and_quotes  mqtt_esp8266.o
    0x08003bc2   0x08003bc2   0x00000048   Code   RO         3127    i.buffer_skip_whitespace  cjson.o
    0x08003c0a   0x08003c0a   0x00000002   PAD
    0x08003c0c   0x08003c0c   0x00000060   Code   RO         3159    i.cJSON_Delete      cjson.o
    0x08003c6c   0x08003c6c   0x00000010   Code   RO         3170    i.cJSON_GetErrorPtr  cjson.o
    0x08003c7c   0x08003c7c   0x00000012   Code   RO         3172    i.cJSON_GetObjectItem  cjson.o
    0x08003c8e   0x08003c8e   0x0000001a   Code   RO         3189    i.cJSON_New_Item    cjson.o
    0x08003ca8   0x08003ca8   0x00000010   Code   RO         3190    i.cJSON_Parse       cjson.o
    0x08003cb8   0x08003cb8   0x000000d4   Code   RO         3192    i.cJSON_ParseWithLengthOpts  cjson.o
    0x08003d8c   0x08003d8c   0x00000028   Code   RO         3193    i.cJSON_ParseWithOpts  cjson.o
    0x08003db4   0x08003db4   0x00000048   Code   RO         3208    i.case_insensitive_strcmp  cjson.o
    0x08003dfc   0x08003dfc   0x00000048   Code   RO         4126    i.esp8266_at_CWJAP  esp8266.o
    0x08003e44   0x08003e44   0x00000020   Code   RO         4127    i.esp8266_at_CWMODE  esp8266.o
    0x08003e64   0x08003e64   0x00000040   Code   RO         4302    i.esp8266_at_MQTTCONN  mqtt_esp8266.o
    0x08003ea4   0x08003ea4   0x00000034   Code   RO         4303    i.esp8266_at_MQTTCONNCFG  mqtt_esp8266.o
    0x08003ed8   0x08003ed8   0x00000038   Code   RO         4311    i.esp8266_at_MQTTSUB  mqtt_esp8266.o
    0x08003f10   0x08003f10   0x00000038   Code   RO         4313    i.esp8266_at_MQTTUSERCFG  mqtt_esp8266.o
    0x08003f48   0x08003f48   0x00000030   Code   RO         4128    i.esp8266_at_PING   esp8266.o
    0x08003f78   0x08003f78   0x00000018   Code   RO         4130    i.esp8266_at_test   esp8266.o
    0x08003f90   0x08003f90   0x0000001c   Code   RO         4131    i.esp8266_clear     esp8266.o
    0x08003fac   0x08003fac   0x00000040   Code   RO         4132    i.esp8266_send_command  esp8266.o
    0x08003fec   0x08003fec   0x00000034   Code   RO         4134    i.esp8266_wait_receive  esp8266.o
    0x08004020   0x08004020   0x0000001c   Code   RO         4049    i.fputc             usart.o
    0x0800403c   0x0800403c   0x00000004   Code   RO         3214    i.get_decimal_point  cjson.o
    0x08004040   0x08004040   0x00000052   Code   RO         3215    i.get_object_item   cjson.o
    0x08004092   0x08004092   0x00000002   PAD
    0x08004094   0x08004094   0x00000050   Code   RO         5107    i.internal_alloc    mc_w.l(mallocr.o)
    0x080040e4   0x080040e4   0x00000064   Code   RO         4488    i.keep_HeartBeat    heartbeat.o
    0x08004148   0x08004148   0x00000164   Code   RO         4772    i.main              main.o
    0x080042ac   0x080042ac   0x000000f8   Code   RO         3217    i.parse_array       cjson.o
    0x080043a4   0x080043a4   0x0000005a   Code   RO         3218    i.parse_hex4        cjson.o
    0x080043fe   0x080043fe   0x00000002   PAD
    0x08004400   0x08004400   0x00000138   Code   RO         3219    i.parse_number      cjson.o
    0x08004538   0x08004538   0x0000014c   Code   RO         3220    i.parse_object      cjson.o
    0x08004684   0x08004684   0x0000018e   Code   RO         3221    i.parse_string      cjson.o
    0x08004812   0x08004812   0x00000002   PAD
    0x08004814   0x08004814   0x0000013c   Code   RO         3222    i.parse_value       cjson.o
    0x08004950   0x08004950   0x0000006c   Code   RO         5108    i.realloc           mc_w.l(mallocr.o)
    0x080049bc   0x080049bc   0x00000044   Code   RO         4546    i.relay5V_Init      relay5v.o
    0x08004a00   0x08004a00   0x0000003c   Code   RO         3233    i.skip_utf8_bom     cjson.o
    0x08004a3c   0x08004a3c   0x0000001c   Code   RO         4806    i.strtod            m_ws.l(strtod.o)
    0x08004a58   0x08004a58   0x00000078   Code   RO         4667    i.switchCtrlRelay_Init  switchctrlrelay.o
    0x08004ad0   0x08004ad0   0x00000078   Code   RO         4686    i.timer_doorLock_Init  timer_doorlock.o
    0x08004b48   0x08004b48   0x0000012c   Code   RO         3236    i.utf16_literal_to_utf8  cjson.o
    0x08004c74   0x08004c74   0x0000000c   Data   RO         4818    .constdata          mc_w.l(localtime.o)
    0x08004c80   0x08004c80   0x00000040   Data   RO         5203    .constdata          mc_w.l(ctype_c.o)
    0x08004cc0   0x08004cc0   0x0000006e   Data   RO         4489    .conststring        heartbeat.o
    0x08004d2e   0x08004d2e   0x00000002   PAD
    0x08004d30   0x08004d30   0x00000020   Data   RO         5205    Region$$Table       anon$$obj.o


    Execution Region RW_IRAM1 (Exec base: 0x20000000, Load base: 0x08004d50, Size: 0x000018e0, Max: 0x00005000, ABSOLUTE)

    Exec Addr    Load Addr    Size         Type   Attr      Idx    E Section Name        Object

    0x20000000   0x08004d50   0x00000014   Data   RW         1734    .data               stm32f10x_rcc.o
    0x20000014   0x08004d64   0x00000014   Data   RW         3238    .data               cjson.o
    0x20000028   0x08004d78   0x0000000a   Data   RW         4051    .data               usart.o
    0x20000032   0x08004d82   0x00000008   Data   RW         4136    .data               esp8266.o
    0x2000003a   0x08004d8a   0x00000001   Data   RW         4424    .data               rec_json_parse.o
    0x2000003b   0x08004d8b   0x00000007   Data   RW         4459    .data               convertjsontime.o
    0x20000042   0x08004d92   0x00000001   Data   RW         4503    .data               tim_heartbeat.o
    0x20000043   0x08004d93   0x00000001   Data   RW         4687    .data               timer_doorlock.o
    0x20000044   0x08004d94   0x0000000c   Data   RW         4773    .data               main.o
    0x20000050   0x08004da0   0x00000004   Data   RW         5175    .data               mc_w.l(mvars.o)
    0x20000054   0x08004da4   0x00000004   Data   RW         5176    .data               mc_w.l(mvars.o)
    0x20000058        -       0x00000258   Zero   RW         4050    .bss                usart.o
    0x200002b0        -       0x00000800   Zero   RW         4135    .bss                esp8266.o
    0x20000ab0        -       0x00000800   Zero   RW         4423    .bss                rec_json_parse.o
    0x200012b0        -       0x0000002c   Zero   RW         4817    .bss                mc_w.l(localtime.o)
    0x200012dc   0x08004da8   0x00000004   PAD
    0x200012e0        -       0x00000200   Zero   RW         3866    HEAP                startup_stm32f10x_md.o
    0x200014e0        -       0x00000400   Zero   RW         3865    STACK               startup_stm32f10x_md.o


==============================================================================

Image component sizes


      Code (inc. data)   RO Data    RW Data    ZI Data      Debug   Object Name

      2710         70          0         20          0      17705   cjson.o
       568        246          0          7          0       2488   convertjsontime.o
         0          0          0          0          0         32   core_cm3.o
        70          0          0          0          0        914   delay.o
       818         30          0          0          0       4460   ds1302.o
      1308        484          0          8       2048      25274   esp8266.o
       100         66        110          0          0        505   heartbeat.o
       410         98          0         12          0       2572   main.o
       132         22          0          0          0     256279   misc.o
      1054        476          0          0          0       4390   mqtt_esp8266.o
        68          6          0          0          0       2452   mygpio.o
      2184        854          0          1       2048       5548   rec_json_parse.o
        68          8          0          0          0       1307   relay5v.o
        36          8        236          0       1536        780   startup_stm32f10x_md.o
         0          0          0          0          0       1648   stm32f10x_adc.o
       200         18          0          0          0       4064   stm32f10x_exti.o
       504         10          0          0          0      12144   stm32f10x_gpio.o
        26          0          0          0          0       3686   stm32f10x_it.o
        68         30          0          0          0       2262   stm32f10x_iwdg.o
       340         44          0         20          0      13984   stm32f10x_rcc.o
       252         42          0          0          0      24098   stm32f10x_tim.o
       628         28          0          0          0      12954   stm32f10x_usart.o
       236         26          0          0          0       1202   switchctrlrelay.o
       328         28          0          0          0       1801   system_stm32f10x.o
       150          4          0          1          0       1288   tim_heartbeat.o
       252         36          0          1          0       1464   timer_doorlock.o
       700         60          0         10        600       5514   usart.o

    ----------------------------------------------------------------------
     13240       2694        380         80       6232     410815   Object Totals
         0          0         32          0          0          0   (incl. Generated)
        30          0          2          0          0          0   (incl. Padding)

    ----------------------------------------------------------------------

      Code (inc. data)   RO Data    RW Data    ZI Data      Debug   Library Member Name

        28          0          0          0          0         80   strtod.o
        64          0          0          0          0         84   _sgetc.o
        40          6         64          0          0         68   ctype_c.o
         0          0          0          0          0          0   entry.o
         0          0          0          0          0          0   entry10a.o
         0          0          0          0          0          0   entry11a.o
         8          4          0          0          0          0   entry2.o
         4          0          0          0          0          0   entry5.o
         0          0          0          0          0          0   entry7b.o
         0          0          0          0          0          0   entry8b.o
         8          4          0          0          0          0   entry9a.o
        30          0          0          0          0          0   handlers.o
        36          8          0          0          0         68   init.o
        10          0          0          0          0         68   isspace_c.o
         0          0          0          0          0          0   iusefp.o
        98          0          0          0          0         84   ldiv.o
        30          0          0          0          0         68   llshl.o
        36          0          0          0          0         68   llsshr.o
        32          0          0          0          0         68   llushr.o
       148         10         12          0         44         76   localtime.o
       360         30          0          0          0        356   mallocr.o
        36          0          0          0          0         68   memcpya.o
        36          0          0          0          0        108   memseta.o
         0          0          0          8          0          0   mvars.o
      2308         96          0          0          0        604   printfa.o
       878         12          0          0          0        216   scanf_fp.o
        20          0          0          0          0         68   strchr.o
        28          0          0          0          0         76   strcmp.o
        18          0          0          0          0         68   strcpy.o
        14          0          0          0          0         68   strlen.o
        30          0          0          0          0         80   strncmp.o
        36          0          0          0          0         80   strstr.o
       156         12          0          0          0        120   strtod.o
        12          0          0          0          0         68   tolower.o
        44          0          0          0          0         80   uidiv.o
        98          0          0          0          0         92   uldiv.o
        48          0          0          0          0         68   cdcmple.o
        48          0          0          0          0         68   cdrcmple.o
        56          0          0          0          0         88   d2f.o
       334          0          0          0          0        148   dadd.o
       222          0          0          0          0        100   ddiv.o
       186          0          0          0          0        176   depilogue.o
        62          0          0          0          0         80   dfixi.o
        74          0          0          0          0         80   dfixl.o
        48          0          0          0          0         68   dfixul.o
        24          0          0          0          0         76   dfltul.o
       228          0          0          0          0         96   dmul.o
       110          0          0          0          0        168   fepilogue.o

    ----------------------------------------------------------------------
      6096        182         76          8         48       4100   Library Totals
        10          0          0          0          4          0   (incl. Padding)

    ----------------------------------------------------------------------

      Code (inc. data)   RO Data    RW Data    ZI Data      Debug   Library Name

        28          0          0          0          0         80   m_ws.l
      4618        182         76          8         44       2804   mc_w.l
      1440          0          0          0          0       1216   mf_w.l

    ----------------------------------------------------------------------
      6096        182         76          8         48       4100   Library Totals

    ----------------------------------------------------------------------

==============================================================================


      Code (inc. data)   RO Data    RW Data    ZI Data      Debug   

     19336       2876        456         88       6280     406851   Grand Totals
     19336       2876        456         88       6280     406851   ELF Image Totals
     19336       2876        456         88          0          0   ROM Totals

==============================================================================

    Total RO  Size (Code + RO Data)                19792 (  19.33kB)
    Total RW  Size (RW Data + ZI Data)              6368 (   6.22kB)
    Total ROM Size (Code + RO Data + RW Data)      19880 (  19.41kB)

==============================================================================

